 ray

 Timestamp is 5e935c59 (Mon Apr 13 02:22:17 2020)

 Preferred load address is 00400000

 Start         Length     Name                   Class
 0001:00000000 000001e0H .text$di                CODE
 0001:000001e0 00072520H .text$mn                CODE
 0001:00072700 00002120H .text$x                 CODE
 0001:00074820 000000d9H .text$yd                CODE
 0002:00000000 000006b0H .idata$5                DATA
 0002:000006b0 00000008H .00cfg                  DATA
 0002:000006b8 00000004H .CRT$XCA                DATA
 0002:000006bc 00000004H .CRT$XCAA               DATA
 0002:000006c0 00000004H .CRT$XCL                DATA
 0002:000006c4 0000002cH .CRT$XCU                DATA
 0002:000006f0 00000004H .CRT$XCZ                DATA
 0002:000006f4 00000004H .CRT$XIA                DATA
 0002:000006f8 00000004H .CRT$XIAA               DATA
 0002:000006fc 00000004H .CRT$XIAC               DATA
 0002:00000700 00000004H .CRT$XIC                DATA
 0002:00000704 00000004H .CRT$XIZ                DATA
 0002:00000708 00000004H .CRT$XLA                DATA
 0002:0000070c 00000004H .CRT$XLZ                DATA
 0002:00000710 00000004H .CRT$XPA                DATA
 0002:00000714 00000004H .CRT$XPZ                DATA
 0002:00000718 00000004H .CRT$XTA                DATA
 0002:0000071c 00000004H .CRT$XTZ                DATA
 0002:00000720 00000000H .gfids$y                DATA
 0002:00000720 00007c58H .rdata                  DATA
 0002:00008378 00000018H .rdata$T                DATA
 0002:00008390 000024a8H .rdata$r                DATA
 0002:0000a838 000003acH .rdata$zzzdbg           DATA
 0002:0000abe4 00000004H .rtc$IAA                DATA
 0002:0000abe8 00000004H .rtc$IZZ                DATA
 0002:0000abec 00000004H .rtc$TAA                DATA
 0002:0000abf0 00000004H .rtc$TZZ                DATA
 0002:0000abf4 00000004H .tls                    DATA
 0002:0000abf8 00000004H .tls$                   DATA
 0002:0000abfc 00000004H .tls$ZZZ                DATA
 0002:0000ac00 00002080H .xdata$x                DATA
 0002:0000cc80 00000000H .edata                  DATA
 0002:0000cc80 000001b8H .idata$2                DATA
 0002:0000ce38 00000014H .idata$3                DATA
 0002:0000ce4c 000006b0H .idata$4                DATA
 0002:0000d4fc 00002442H .idata$6                DATA
 0003:00000000 00001e88H .data                   DATA
 0003:00001e88 00000e68H .data$r                 DATA
 0003:00002cf0 000055e0H .bss                    DATA
 0004:00000000 00000060H .rsrc$01                DATA
 0004:00000060 00000180H .rsrc$02                DATA

  Address         Publics by Value              Rva+Base       Lib:Object

 0000:00000000       ___dynamic_value_reloc_table 00000000     <absolute>
 0000:00000000       ___guard_eh_cont_table     00000000     <absolute>
 0000:00000000       ___guard_eh_cont_count     00000000     <absolute>
 0000:00000000       ___safe_se_handler_count   00000000     <absolute>
 0000:00000000       ___guard_fids_table        00000000     <absolute>
 0000:00000000       ___volatile_metadata       00000000     <absolute>
 0000:00000000       ___AbsoluteZero            00000000     <absolute>
 0000:00000000       ___guard_iat_count         00000000     <absolute>
 0000:00000000       ___guard_fids_count        00000000     <absolute>
 0000:00000000       ___hybrid_code_map         00000000     <absolute>
 0000:00000000       ___hybrid_code_map_count   00000000     <absolute>
 0000:00000000       ___hybrid_auxiliary_iat    00000000     <absolute>
 0000:00000000       ___safe_se_handler_table   00000000     <absolute>
 0000:00000000       ___guard_iat_table         00000000     <absolute>
 0000:00000000       ___guard_longjmp_table     00000000     <absolute>
 0000:00000000       ___enclave_config          00000000     <absolute>
 0000:00000000       ___guard_longjmp_count     00000000     <absolute>
 0000:0000002c       __tls_array                0000002c     <absolute>
 0000:00000100       ___guard_flags             00000100     <absolute>
 0000:00000000       ___ImageBase               00400000     <linker-defined>
 0001:000001e0       ?GetOption@@YAHHPAPADPAD0@Z 004011e0 f   getopt.obj
 0001:000002c0       ?getopt@@YAHHPAPADPAD@Z    004012c0 f   getopt.obj
 0001:000003b0       ??_H@YGXPAXIIP6EPAX0@Z@Z   004013b0 f i main.obj
 0001:000003e0       ?processArgs@@YA_NHPAPAD@Z 004013e0 f   main.obj
 0001:000004d0       ?usage@@YAXXZ              004014d0 f   main.obj
 0001:000004f0       ___local_stdio_printf_options 004014f0 f i main.obj
 0001:00000500       _fprintf                   00401500 f i main.obj
 0001:00000530       _main                      00401530 f   main.obj
 0001:00000820       ??$_Allocate@$07U_Default_allocate_traits@std@@$0A@@std@@YAPAXI@Z 00401820 f i RayTracer.obj
 0001:00000870       ??$_Allocate_manually_vector_aligned@U_Default_allocate_traits@std@@@std@@YAPAXI@Z 00401870 f i RayTracer.obj
 0001:000008b0       ??$_Construct_in_place@PADABQAD@std@@YAXAAPADABQAD@Z 004018b0 f i RayTracer.obj
 0001:000008c0       ??$_Deallocate@$07$0A@@std@@YAXPAXI@Z 004018c0 f i RayTracer.obj
 0001:00000900       ??$_Destroy_in_place@PAD@std@@YAXAAPAD@Z 00401900 f i RayTracer.obj
 0001:00000910       ??0RayTracer@@QAE@XZ       00401910 f   RayTracer.obj
 0001:00000940       ??0bad_alloc@std@@QAE@ABV01@@Z 00401940 f i RayTracer.obj
 0001:00000980       ??0bad_array_new_length@std@@QAE@ABV01@@Z 00401980 f i RayTracer.obj
 0001:000009c0       ??0bad_array_new_length@std@@QAE@XZ 004019c0 f i RayTracer.obj
 0001:000009e0       ??0exception@std@@QAE@ABV01@@Z 004019e0 f i RayTracer.obj
 0001:00000a10       ??0vec3f@@QAE@XZ           00401a10 f i RayTracer.obj
 0001:00000a20       ??1?$basic_string@DU?$char_traits@D@std@@V?$allocator@D@2@@std@@QAE@XZ 00401a20 f i RayTracer.obj
 0001:00000a70       ??1ParseError@@QAE@XZ      00401a70 f i RayTracer.obj
 0001:00000ac0       ??1RayTracer@@QAE@XZ       00401ac0 f   RayTracer.obj
 0001:00000ae0       ??1bad_array_new_length@std@@UAE@XZ 00401ae0 f i RayTracer.obj
 0001:00000b00       ??1exception@std@@UAE@XZ   00401b00 f i RayTracer.obj
 0001:00000b20       ??1isect@@QAE@XZ           00401b20 f i RayTracer.obj
 0001:00000b40       ??_Gbad_alloc@std@@UAEPAXI@Z 00401b40 f i RayTracer.obj
 0001:00000b40       ??_Ebad_alloc@std@@UAEPAXI@Z 00401b40 f i RayTracer.obj
 0001:00000b70       ??_Gbad_array_new_length@std@@UAEPAXI@Z 00401b70 f i RayTracer.obj
 0001:00000b70       ??_Ebad_array_new_length@std@@UAEPAXI@Z 00401b70 f i RayTracer.obj
 0001:00000ba0       ??_Gexception@std@@UAEPAXI@Z 00401ba0 f i RayTracer.obj
 0001:00000ba0       ??_Eexception@std@@UAEPAXI@Z 00401ba0 f i RayTracer.obj
 0001:00000bd0       ?_Throw_bad_array_new_length@std@@YAXXZ 00401bd0 f i RayTracer.obj
 0001:00000bf0       ?_Xlen@?$basic_string@DU?$char_traits@D@std@@V?$allocator@D@2@@std@@CAXXZ 00401bf0 f i RayTracer.obj
 0001:00000c00       ?allocate@?$allocator@D@std@@QAEPADI@Z 00401c00 f i RayTracer.obj
 0001:00000c60       ?aspectRatio@RayTracer@@QAENXZ 00401c60 f   RayTracer.obj
 0001:00000ca0       ?assign@?$basic_string@DU?$char_traits@D@std@@V?$allocator@D@2@@std@@QAEAAV12@QBDI@Z 00401ca0 f i RayTracer.obj
 0001:00000d90       ?getBuffer@RayTracer@@QAEXAAPAEAAH1@Z 00401d90 f   RayTracer.obj
 0001:00000db0       ?loadScene@RayTracer@@QAE_NPAD@Z 00401db0 f   RayTracer.obj
 0001:00000f10       ?sceneLoaded@RayTracer@@QAE_NXZ 00401f10 f   RayTracer.obj
 0001:00000f20       ?trace@RayTracer@@QAE?AVvec3f@@PAVScene@@NN@Z 00401f20 f   RayTracer.obj
 0001:00001070       ?traceLines@RayTracer@@QAEXHH@Z 00402070 f   RayTracer.obj
 0001:00001260       ?tracePixel@RayTracer@@QAEXHH@Z 00402260 f   RayTracer.obj
 0001:00001410       ?traceRay@RayTracer@@QAE?AVvec3f@@PAVScene@@ABVray@@ABV2@H@Z 00402410 f   RayTracer.obj
 0001:000014d0       ?traceSetup@RayTracer@@QAEXHH@Z 004024d0 f   RayTracer.obj
 0001:00001530       ?what@exception@std@@UBEPBDXZ 00402530 f i RayTracer.obj
 0001:00001540       ??0TraceGLWindow@@QAE@HHHHPBD@Z 00402540 f   TraceGLWindow.obj
 0001:000015c0       ??_GFl_Gl_Window@@UAEPAXI@Z 004025c0 f i TraceGLWindow.obj
 0001:000015c0       ??_EFl_Gl_Window@@UAEPAXI@Z 004025c0 f i TraceGLWindow.obj
 0001:000015f0       ??_GTraceGLWindow@@UAEPAXI@Z 004025f0 f i TraceGLWindow.obj
 0001:000015f0       ??_ETraceGLWindow@@UAEPAXI@Z 004025f0 f i TraceGLWindow.obj
 0001:00001620       ?as_gl_window@Fl_Gl_Window@@UAEPAV1@XZ 00402620 f i TraceGLWindow.obj
 0001:00001630       ?as_group@Fl_Group@@UAEPAV1@XZ 00402630 f i TraceGLWindow.obj
 0001:00001640       ?as_window@Fl_Window@@UAEPAV1@XZ 00402640 f i TraceGLWindow.obj
 0001:00001650       ?draw@TraceGLWindow@@UAEXXZ 00402650 f   TraceGLWindow.obj
 0001:00001730       ?handle@TraceGLWindow@@UAEHH@Z 00402730 f   TraceGLWindow.obj
 0001:00001740       ?refresh@TraceGLWindow@@QAEXXZ 00402740 f   TraceGLWindow.obj
 0001:00001750       ?resizeWindow@TraceGLWindow@@QAEXHH@Z 00402750 f   TraceGLWindow.obj
 0001:00001780       ?saveImage@TraceGLWindow@@QAEXPAD@Z 00402780 f   TraceGLWindow.obj
 0001:000017d0       ?setRayTracer@TraceGLWindow@@QAEXPAVRayTracer@@@Z 004027d0 f   TraceGLWindow.obj
 0001:000017e0       ?cb_load_scene@TraceUI@@CAXPAVFl_Menu_@@PAX@Z 004027e0 f   TraceUI.obj
 0001:00001880       ?cb_save_image@TraceUI@@CAXPAVFl_Menu_@@PAX@Z 00402880 f   TraceUI.obj
 0001:000018c0       ?cb_exit@TraceUI@@CAXPAVFl_Menu_@@PAX@Z 004028c0 f   TraceUI.obj
 0001:000018f0       ?cb_about@TraceUI@@CAXPAVFl_Menu_@@PAX@Z 004028f0 f   TraceUI.obj
 0001:00001900       ??0TraceUI@@QAE@XZ         00402900 f   TraceUI.obj
 0001:00001c50       ?cb_depthSlides@TraceUI@@CAXPAVFl_Widget@@PAX@Z 00402c50 f   TraceUI.obj
 0001:00001c70       ?cb_exit2@TraceUI@@CAXPAVFl_Widget@@PAX@Z 00402c70 f   TraceUI.obj
 0001:00001ca0       ?cb_render@TraceUI@@CAXPAVFl_Widget@@PAX@Z 00402ca0 f   TraceUI.obj
 0001:00001eb0       ?cb_sizeSlides@TraceUI@@CAXPAVFl_Widget@@PAX@Z 00402eb0 f   TraceUI.obj
 0001:00001f00       ?cb_stop@TraceUI@@CAXPAVFl_Widget@@PAX@Z 00402f00 f   TraceUI.obj
 0001:00001f10       ?getDepth@TraceUI@@QAEHXZ  00402f10 f   TraceUI.obj
 0001:00001f20       ?getSize@TraceUI@@QAEHXZ   00402f20 f   TraceUI.obj
 0001:00001f30       ?setRayTracer@TraceUI@@QAEXPAVRayTracer@@@Z 00402f30 f   TraceUI.obj
 0001:00001f50       ?show@TraceUI@@QAEXXZ      00402f50 f   TraceUI.obj
 0001:00001f60       ?whoami@TraceUI@@CAPAV1@PAVFl_Menu_@@@Z 00402f60 f   TraceUI.obj
 0001:00001f70       _sprintf                   00402f70 f i TraceUI.obj
 0001:00001fb0       ?readBMP@@YAPAEPADAAH1@Z   00402fb0 f   bitmap.obj
 0001:00002140       ?writeBMP@@YAXPADHHPAE@Z   00403140 f   bitmap.obj
 0001:000022d0       ??$?0ABV?$basic_string@DU?$char_traits@D@std@@V?$allocator@D@2@@std@@$$Z$$V@?$pair@$$CBV?$basic_string@DU?$char_traits@D@std@@V?$allocator@D@2@@std@@PAVObj@@@std@@QAE@Upiecewise_construct_t@1@V?$tuple@ABV?$basic_string@DU?$char_traits@D@std@@V?$allocator@D@2@@std@@@1@V?$tuple@$$V@1@@Z 004032d0 f i parse.obj
 0001:00002300       ??$?0V?$tuple@ABV?$basic_string@DU?$char_traits@D@std@@V?$allocator@D@2@@std@@@std@@V?$tuple@$$V@1@$0A@$$Z$S@?$pair@$$CBV?$basic_string@DU?$char_traits@D@std@@V?$allocator@D@2@@std@@PAVObj@@@std@@QAE@AAV?$tuple@ABV?$basic_string@DU?$char_traits@D@std@@V?$allocator@D@2@@std@@@1@AAV?$tuple@$$V@1@U?$integer_sequence@I$0A@@1@U?$integer_sequence@I$S@1@@Z 00403300 f i parse.obj
 0001:00002330       ??$?6DU?$char_traits@D@std@@V?$allocator@D@1@@std@@YAAAV?$basic_ostream@DU?$char_traits@D@std@@@0@AAV10@ABV?$basic_string@DU?$char_traits@D@std@@V?$allocator@D@2@@0@@Z 00403330 f i parse.obj
 0001:00002360       ??$?6U?$char_traits@D@std@@@std@@YAAAV?$basic_ostream@DU?$char_traits@D@std@@@0@AAV10@D@Z 00403360 f i parse.obj
 0001:00002530       ??$?6U?$char_traits@D@std@@@std@@YAAAV?$basic_ostream@DU?$char_traits@D@std@@@0@AAV10@PBD@Z 00403530 f i parse.obj
 0001:00002720       ??$?8DU?$char_traits@D@std@@V?$allocator@D@1@@std@@YA_NABV?$basic_string@DU?$char_traits@D@std@@V?$allocator@D@2@@0@QBD@Z 00403720 f i parse.obj
 0001:000027b0       ??$?HDU?$char_traits@D@std@@V?$allocator@D@1@@std@@YA?AV?$basic_string@DU?$char_traits@D@std@@V?$allocator@D@2@@0@$$QAV10@0@Z 004037b0 f i parse.obj
 0001:00002830       ??$?HDU?$char_traits@D@std@@V?$allocator@D@1@@std@@YA?AV?$basic_string@DU?$char_traits@D@std@@V?$allocator@D@2@@0@$$QAV10@ABV10@@Z 00403830 f i parse.obj
 0001:00002890       ??$?MDU?$char_traits@D@std@@V?$allocator@D@1@@std@@YA_NABV?$basic_string@DU?$char_traits@D@std@@V?$allocator@D@2@@0@0@Z 00403890 f i parse.obj
 0001:000028d0       ??$_Construct_in_place@PAU?$_Tree_node@U?$pair@$$CBV?$basic_string@DU?$char_traits@D@std@@V?$allocator@D@2@@std@@PAVObj@@@std@@PAX@std@@AAPAU12@@std@@YAXAAPAU?$_Tree_node@U?$pair@$$CBV?$basic_string@DU?$char_traits@D@std@@V?$allocator@D@2@@std@@PAVObj@@@std@@PAX@0@0@Z 004038d0 f i parse.obj
 0001:000028e0       ??$_Construct_in_place@PAU?$_Tree_node@U?$pair@$$CBV?$basic_string@DU?$char_traits@D@std@@V?$allocator@D@2@@std@@PAVObj@@@std@@PAX@std@@ABQAU12@@std@@YAXAAPAU?$_Tree_node@U?$pair@$$CBV?$basic_string@DU?$char_traits@D@std@@V?$allocator@D@2@@std@@PAVObj@@@std@@PAX@0@ABQAU10@@Z 004038e0 f i parse.obj
 0001:000028f0       ??$_Copy_memmove@PAPAVObj@@PAPAV1@@std@@YAPAPAVObj@@PAPAV1@00@Z 004038f0 f i parse.obj
 0001:00002920       ??$_Copy_nodes@U_Copy_tag@?$_Tree@V?$_Tmap_traits@V?$basic_string@DU?$char_traits@D@std@@V?$allocator@D@2@@std@@PAVObj@@U?$less@V?$basic_string@DU?$char_traits@D@std@@V?$allocator@D@2@@std@@@2@V?$allocator@U?$pair@$$CBV?$basic_string@DU?$char_traits@D@std@@V?$allocator@D@2@@std@@PAVObj@@@std@@@2@$0A@@std@@@std@@@?$_Tree@V?$_Tmap_traits@V?$basic_string@DU?$char_traits@D@std@@V?$allocator@D@2@@std@@PAVObj@@U?$less@V?$basic_string@DU?$char_traits@D@std@@V?$allocator@D@2@@std@@@2@V?$allocator@U?$pair@$$CBV?$basic_string@DU?$char_traits@D@std@@V?$allocator@D@2@@std@@PAVObj@@@std@@@2@$0A@@std@@@std@@IAEPAU?$_Tree_node@U?$pair@$$CBV?$basic_string@DU?$char_traits@D@std@@V?$allocator@D@2@@std@@PAVObj@@@std@@PAX@1@PAU21@0U_Copy_tag@01@@Z 00403920 f i parse.obj
 0001:00002a20       ??$_Destroy_in_place@PAU?$_Tree_node@U?$pair@$$CBV?$basic_string@DU?$char_traits@D@std@@V?$allocator@D@2@@std@@PAVObj@@@std@@PAX@std@@@std@@YAXAAPAU?$_Tree_node@U?$pair@$$CBV?$basic_string@DU?$char_traits@D@std@@V?$allocator@D@2@@std@@PAVObj@@@std@@PAX@0@@Z 00403a20 f i parse.obj
 0001:00002a30       ??$_Destroy_range@V?$allocator@PAVObj@@@std@@@std@@YAXPAPAVObj@@QAPAV1@AAV?$allocator@PAVObj@@@0@@Z 00403a30 f i parse.obj
 0001:00002a40       ??$_Emplace_reallocate@PAVObj@@@?$vector@PAVObj@@V?$allocator@PAVObj@@@std@@@std@@QAEPAPAVObj@@QAPAV2@$$QAPAV2@@Z 00403a40 f i parse.obj
 0001:00002b50       ??$_Erase_tree@V?$allocator@U?$_Tree_node@U?$pair@$$CBV?$basic_string@DU?$char_traits@D@std@@V?$allocator@D@2@@std@@PAVObj@@@std@@PAX@std@@@std@@@?$_Tree_val@U?$_Tree_simple_types@U?$pair@$$CBV?$basic_string@DU?$char_traits@D@std@@V?$allocator@D@2@@std@@PAVObj@@@std@@@std@@@std@@QAEXAAV?$allocator@U?$_Tree_node@U?$pair@$$CBV?$basic_string@DU?$char_traits@D@std@@V?$allocator@D@2@@std@@PAVObj@@@std@@PAX@std@@@1@PAU?$_Tree_node@U?$pair@$$CBV?$basic_string@DU?$char_traits@D@std@@V?$allocator@D@2@@std@@PAVObj@@@std@@PAX@1@@Z 00403b50 f i parse.obj
 0001:00002be0       ??$_Erase_tree_and_orphan@V?$allocator@U?$_Tree_node@U?$pair@$$CBV?$basic_string@DU?$char_traits@D@std@@V?$allocator@D@2@@std@@PAVObj@@@std@@PAX@std@@@std@@@?$_Tree_val@U?$_Tree_simple_types@U?$pair@$$CBV?$basic_string@DU?$char_traits@D@std@@V?$allocator@D@2@@std@@PAVObj@@@std@@@std@@@std@@QAEXAAV?$allocator@U?$_Tree_node@U?$pair@$$CBV?$basic_string@DU?$char_traits@D@std@@V?$allocator@D@2@@std@@PAVObj@@@std@@PAX@std@@@1@PAU?$_Tree_node@U?$pair@$$CBV?$basic_string@DU?$char_traits@D@std@@V?$allocator@D@2@@std@@PAVObj@@@std@@PAX@1@@Z 00403be0 f i parse.obj
 0001:00002c70       ??$_Insert_string@DU?$char_traits@D@std@@I@std@@YAAAV?$basic_ostream@DU?$char_traits@D@std@@@0@AAV10@QBDI@Z 00403c70 f i parse.obj
 0001:00002e20       ??$_Pocma@V?$allocator@D@std@@@std@@YAXAAV?$allocator@D@0@0@Z 00403e20 f i parse.obj
 0001:00002e30       ??$_Traits_compare@U?$char_traits@D@std@@@std@@YAHQBDI0I@Z 00403e30 f i parse.obj
 0001:00002ec0       ??$_Uninitialized_copy@PAPAVObj@@V?$allocator@PAVObj@@@std@@@std@@YAPAPAVObj@@QAPAV1@0PAPAV1@AAV?$allocator@PAVObj@@@0@@Z 00403ec0 f i parse.obj
 0001:00002ef0       ??$_Uninitialized_move@PAPAVObj@@V?$allocator@PAVObj@@@std@@@std@@YAPAPAVObj@@QAPAV1@0PAPAV1@AAV?$allocator@PAVObj@@@0@@Z 00403ef0 f i parse.obj
 0001:00002f20       ??$exchange@PAU?$_Tree_node@U?$pair@$$CBV?$basic_string@DU?$char_traits@D@std@@V?$allocator@D@2@@std@@PAVObj@@@std@@PAX@std@@$$T@std@@YAPAU?$_Tree_node@U?$pair@$$CBV?$basic_string@DU?$char_traits@D@std@@V?$allocator@D@2@@std@@PAVObj@@@std@@PAX@0@AAPAU10@$$QA$$T@Z 00403f20 f i parse.obj
 0001:00002f40       ??$exchange@PAU?$_Tree_node@U?$pair@$$CBV?$basic_string@DU?$char_traits@D@std@@V?$allocator@D@2@@std@@PAVObj@@@std@@PAX@std@@AAPAU12@@std@@YAPAU?$_Tree_node@U?$pair@$$CBV?$basic_string@DU?$char_traits@D@std@@V?$allocator@D@2@@std@@PAVObj@@@std@@PAX@0@AAPAU10@0@Z 00403f40 f i parse.obj
 0001:00002f60       ??0?$basic_string@DU?$char_traits@D@std@@V?$allocator@D@2@@std@@QAE@ABV01@@Z 00403f60 f i parse.obj
 0001:00002ff0       ??0?$basic_string@DU?$char_traits@D@std@@V?$allocator@D@2@@std@@QAE@QBD@Z 00403ff0 f i parse.obj
 0001:00003030       ??0Exception@@QAE@ABV0@@Z  00404030 f i parse.obj
 0001:00003050       ??0IdObj@@QAE@ABV?$basic_string@DU?$char_traits@D@std@@V?$allocator@D@2@@std@@@Z 00404050 f i parse.obj
 0001:000030b0       ??0ObjTypeMismatch@@QAE@ABV0@@Z 004040b0 f i parse.obj
 0001:000030d0       ??0ObjTypeMismatch@@QAE@V?$basic_string@DU?$char_traits@D@std@@V?$allocator@D@2@@std@@0@Z 004040d0 f i parse.obj
 0001:00003520       ??0ParseError@@QAE@ABV0@@Z 00404520 f i parse.obj
 0001:00003540       ??0ParseError@@QAE@ABV?$basic_string@DU?$char_traits@D@std@@V?$allocator@D@2@@std@@@Z 00404540 f i parse.obj
 0001:00003560       ??0sentry@?$basic_ostream@DU?$char_traits@D@std@@@std@@QAE@AAV12@@Z 00404560 f i parse.obj
 0001:00003600       ??1?$_Alloc_construct_ptr@V?$allocator@U?$_Tree_node@U?$pair@$$CBV?$basic_string@DU?$char_traits@D@std@@V?$allocator@D@2@@std@@PAVObj@@@std@@PAX@std@@@std@@@std@@QAE@XZ 00404600 f i parse.obj
 0001:00003620       ??1?$_Tree_head_scoped_ptr@V?$allocator@U?$_Tree_node@U?$pair@$$CBV?$basic_string@DU?$char_traits@D@std@@V?$allocator@D@2@@std@@PAVObj@@@std@@PAX@std@@@std@@V?$_Tree_val@U?$_Tree_simple_types@U?$pair@$$CBV?$basic_string@DU?$char_traits@D@std@@V?$allocator@D@2@@std@@PAVObj@@@std@@@std@@@2@@std@@QAE@XZ 00404620 f i parse.obj
 0001:00003650       ??1?$_Tree_temp_node_alloc@V?$allocator@U?$_Tree_node@U?$pair@$$CBV?$basic_string@DU?$char_traits@D@std@@V?$allocator@D@2@@std@@PAVObj@@@std@@PAX@std@@@std@@@std@@QAE@XZ 00404650 f i parse.obj
 0001:00003670       ??1?$map@V?$basic_string@DU?$char_traits@D@std@@V?$allocator@D@2@@std@@PAVObj@@U?$less@V?$basic_string@DU?$char_traits@D@std@@V?$allocator@D@2@@std@@@2@V?$allocator@U?$pair@$$CBV?$basic_string@DU?$char_traits@D@std@@V?$allocator@D@2@@std@@PAVObj@@@std@@@2@@std@@QAE@XZ 00404670 f i parse.obj
 0001:00003690       ??1?$vector@PAVObj@@V?$allocator@PAVObj@@@std@@@std@@QAE@XZ 00404690 f i parse.obj
 0001:000036f0       ??1BooleanObj@@UAE@XZ      004046f0 f i parse.obj
 0001:00003700       ??1DictObj@@UAE@XZ         00404700 f i parse.obj
 0001:00003770       ??1IdObj@@UAE@XZ           00404770 f i parse.obj
 0001:000037d0       ??1NamedObj@@UAE@XZ        004047d0 f i parse.obj
 0001:00003840       ??1Obj@@UAE@XZ             00404840 f i parse.obj
 0001:00003850       ??1ObjTypeMismatch@@QAE@XZ 00404850 f i parse.obj
 0001:000038a0       ??1ScalarObj@@UAE@XZ       004048a0 f i parse.obj
 0001:000038b0       ??1StringObj@@UAE@XZ       004048b0 f i parse.obj
 0001:00003910       ??1TupleObj@@UAE@XZ        00404910 f i parse.obj
 0001:00003990       ??1_Sentry_base@?$basic_ostream@DU?$char_traits@D@std@@@std@@QAE@XZ 00404990 f i parse.obj
 0001:000039e0       ??1sentry@?$basic_ostream@DU?$char_traits@D@std@@@std@@QAE@XZ 004049e0 f i parse.obj
 0001:00003a50       ??E?$_Tree_const_iterator@V?$_Tree_val@U?$_Tree_simple_types@U?$pair@$$CBV?$basic_string@DU?$char_traits@D@std@@V?$allocator@D@2@@std@@PAVObj@@@std@@@std@@@std@@@std@@QAEAAV01@XZ 00404a50 f i parse.obj
 0001:00003ab0       ??_EBooleanObj@@UAEPAXI@Z  00404ab0 f i parse.obj
 0001:00003ab0       ??_GBooleanObj@@UAEPAXI@Z  00404ab0 f i parse.obj
 0001:00003ae0       ??_EDictObj@@UAEPAXI@Z     00404ae0 f i parse.obj
 0001:00003ae0       ??_GDictObj@@UAEPAXI@Z     00404ae0 f i parse.obj
 0001:00003b60       ??_GIdObj@@UAEPAXI@Z       00404b60 f i parse.obj
 0001:00003b60       ??_EIdObj@@UAEPAXI@Z       00404b60 f i parse.obj
 0001:00003be0       ??_ENamedObj@@UAEPAXI@Z    00404be0 f i parse.obj
 0001:00003be0       ??_GNamedObj@@UAEPAXI@Z    00404be0 f i parse.obj
 0001:00003c60       ??_EObj@@UAEPAXI@Z         00404c60 f i parse.obj
 0001:00003c60       ??_GObj@@UAEPAXI@Z         00404c60 f i parse.obj
 0001:00003c90       ??_EScalarObj@@UAEPAXI@Z   00404c90 f i parse.obj
 0001:00003c90       ??_GScalarObj@@UAEPAXI@Z   00404c90 f i parse.obj
 0001:00003cc0       ??_GStringObj@@UAEPAXI@Z   00404cc0 f i parse.obj
 0001:00003cc0       ??_EStringObj@@UAEPAXI@Z   00404cc0 f i parse.obj
 0001:00003d40       ??_GTupleObj@@UAEPAXI@Z    00404d40 f i parse.obj
 0001:00003d40       ??_ETupleObj@@UAEPAXI@Z    00404d40 f i parse.obj
 0001:00003de0       ?_Getal@?$_Tree@V?$_Tmap_traits@V?$basic_string@DU?$char_traits@D@std@@V?$allocator@D@2@@std@@PAVObj@@U?$less@V?$basic_string@DU?$char_traits@D@std@@V?$allocator@D@2@@std@@@2@V?$allocator@U?$pair@$$CBV?$basic_string@DU?$char_traits@D@std@@V?$allocator@D@2@@std@@PAVObj@@@std@@@2@$0A@@std@@@std@@IAEAAV?$allocator@U?$_Tree_node@U?$pair@$$CBV?$basic_string@DU?$char_traits@D@std@@V?$allocator@D@2@@std@@PAVObj@@@std@@PAX@std@@@2@XZ 00404de0 f i parse.obj
 0001:00003df0       ?_Insert_node@?$_Tree_val@U?$_Tree_simple_types@U?$pair@$$CBV?$basic_string@DU?$char_traits@D@std@@V?$allocator@D@2@@std@@PAVObj@@@std@@@std@@@std@@QAEPAU?$_Tree_node@U?$pair@$$CBV?$basic_string@DU?$char_traits@D@std@@V?$allocator@D@2@@std@@PAVObj@@@std@@PAX@2@U?$_Tree_id@PAU?$_Tree_node@U?$pair@$$CBV?$basic_string@DU?$char_traits@D@std@@V?$allocator@D@2@@std@@PAVObj@@@std@@PAX@std@@@2@QAU32@@Z 00404df0 f i parse.obj
 0001:00004000       ?_Throw_tree_length_error@std@@YAXXZ 00405000 f i parse.obj
 0001:00004010       ?_Xlength@?$vector@PAVObj@@V?$allocator@PAVObj@@@std@@@std@@CAXXZ 00405010 f i parse.obj
 0001:00004020       ?_Xran@?$_String_val@U?$_Simple_types@D@std@@@std@@SAXXZ 00405020 f i parse.obj
 0001:00004030       ?allocate@?$allocator@PAVObj@@@std@@QAEPAPAVObj@@I@Z 00405030 f i parse.obj
 0001:00004090       ?append@?$basic_string@DU?$char_traits@D@std@@V?$allocator@D@2@@std@@QAEAAV12@QBDI@Z 00405090 f i parse.obj
 0001:000043c0       ?getBoolean@BooleanObj@@UBE_NXZ 004053c0 f i parse.obj
 0001:000043d0       ?getBoolean@Obj@@UBE_NXZ   004053d0 f i parse.obj
 0001:00004440       ?getChild@NamedObj@@UBEPAVObj@@XZ 00405440 f i parse.obj
 0001:00004450       ?getChild@Obj@@UBEPAV1@XZ  00405450 f i parse.obj
 0001:000044c0       ?getDict@DictObj@@UBEABV?$map@V?$basic_string@DU?$char_traits@D@std@@V?$allocator@D@2@@std@@PAVObj@@U?$less@V?$basic_string@DU?$char_traits@D@std@@V?$allocator@D@2@@std@@@2@V?$allocator@U?$pair@$$CBV?$basic_string@DU?$char_traits@D@std@@V?$allocator@D@2@@std@@PAVObj@@@std@@@2@@std@@XZ 004054c0 f i parse.obj
 0001:000044d0       ?getDict@Obj@@UBEABV?$map@V?$basic_string@DU?$char_traits@D@std@@V?$allocator@D@2@@std@@PAVObj@@U?$less@V?$basic_string@DU?$char_traits@D@std@@V?$allocator@D@2@@std@@@2@V?$allocator@U?$pair@$$CBV?$basic_string@DU?$char_traits@D@std@@V?$allocator@D@2@@std@@PAVObj@@@std@@@2@@std@@XZ 004054d0 f i parse.obj
 0001:00004540       ?getID@IdObj@@UBE?AV?$basic_string@DU?$char_traits@D@std@@V?$allocator@D@2@@std@@XZ 00405540 f i parse.obj
 0001:00004560       ?getID@Obj@@UBE?AV?$basic_string@DU?$char_traits@D@std@@V?$allocator@D@2@@std@@XZ 00405560 f i parse.obj
 0001:000045d0       ?getName@NamedObj@@UBE?AV?$basic_string@DU?$char_traits@D@std@@V?$allocator@D@2@@std@@XZ 004055d0 f i parse.obj
 0001:000045f0       ?getName@Obj@@UBE?AV?$basic_string@DU?$char_traits@D@std@@V?$allocator@D@2@@std@@XZ 004055f0 f i parse.obj
 0001:00004660       ?getScalar@Obj@@UBENXZ     00405660 f i parse.obj
 0001:000046d0       ?getScalar@ScalarObj@@UBENXZ 004056d0 f i parse.obj
 0001:000046e0       ?getString@Obj@@UBE?AV?$basic_string@DU?$char_traits@D@std@@V?$allocator@D@2@@std@@XZ 004056e0 f i parse.obj
 0001:00004750       ?getString@StringObj@@UBE?AV?$basic_string@DU?$char_traits@D@std@@V?$allocator@D@2@@std@@XZ 00405750 f i parse.obj
 0001:00004770       ?getTuple@Obj@@UBEABV?$vector@PAVObj@@V?$allocator@PAVObj@@@std@@@std@@XZ 00405770 f i parse.obj
 0001:000047e0       ?getTuple@TupleObj@@UBEABV?$vector@PAVObj@@V?$allocator@PAVObj@@@std@@@std@@XZ 004057e0 f i parse.obj
 0001:000047f0       ?getTypeName@BooleanObj@@UBE?AV?$basic_string@DU?$char_traits@D@std@@V?$allocator@D@2@@std@@XZ 004057f0 f i parse.obj
 0001:00004820       ?getTypeName@DictObj@@UBE?AV?$basic_string@DU?$char_traits@D@std@@V?$allocator@D@2@@std@@XZ 00405820 f i parse.obj
 0001:00004850       ?getTypeName@IdObj@@UBE?AV?$basic_string@DU?$char_traits@D@std@@V?$allocator@D@2@@std@@XZ 00405850 f i parse.obj
 0001:00004880       ?getTypeName@NamedObj@@UBE?AV?$basic_string@DU?$char_traits@D@std@@V?$allocator@D@2@@std@@XZ 00405880 f i parse.obj
 0001:000048c0       ?getTypeName@Obj@@UBE?AV?$basic_string@DU?$char_traits@D@std@@V?$allocator@D@2@@std@@XZ 004058c0 f i parse.obj
 0001:00004900       ?getTypeName@ScalarObj@@UBE?AV?$basic_string@DU?$char_traits@D@std@@V?$allocator@D@2@@std@@XZ 00405900 f i parse.obj
 0001:00004940       ?getTypeName@StringObj@@UBE?AV?$basic_string@DU?$char_traits@D@std@@V?$allocator@D@2@@std@@XZ 00405940 f i parse.obj
 0001:00004980       ?getTypeName@TupleObj@@UBE?AV?$basic_string@DU?$char_traits@D@std@@V?$allocator@D@2@@std@@XZ 00405980 f i parse.obj
 0001:000049c0       ?insert@?$basic_string@DU?$char_traits@D@std@@V?$allocator@D@2@@std@@QAEAAV12@IQBDI@Z 004059c0 f i parse.obj
 0001:00004bb0       ?printOn@BooleanObj@@UBEXAAV?$basic_ostream@DU?$char_traits@D@std@@@std@@@Z 00405bb0 f i parse.obj
 0001:00004be0       ?printOn@DictObj@@UBEXAAV?$basic_ostream@DU?$char_traits@D@std@@@std@@@Z 00405be0 f i parse.obj
 0001:00004cc0       ?printOn@IdObj@@UBEXAAV?$basic_ostream@DU?$char_traits@D@std@@@std@@@Z 00405cc0 f i parse.obj
 0001:00004cf0       ?printOn@NamedObj@@UBEXAAV?$basic_ostream@DU?$char_traits@D@std@@@std@@@Z 00405cf0 f i parse.obj
 0001:00004d30       ?printOn@Obj@@UBEXAAV?$basic_ostream@DU?$char_traits@D@std@@@std@@@Z 00405d30 f i parse.obj
 0001:00004d40       ?printOn@ScalarObj@@UBEXAAV?$basic_ostream@DU?$char_traits@D@std@@@std@@@Z 00405d40 f i parse.obj
 0001:00004d60       ?printOn@StringObj@@UBEXAAV?$basic_ostream@DU?$char_traits@D@std@@@std@@@Z 00405d60 f i parse.obj
 0001:00004da0       ?printOn@TupleObj@@UBEXAAV?$basic_ostream@DU?$char_traits@D@std@@@std@@@Z 00405da0 f i parse.obj
 0001:000052a0       ?readFile@@YAPAVObj@@AAV?$basic_istream@DU?$char_traits@D@std@@@std@@@Z 004062a0 f   parse.obj
 0001:00005f50       ??$?0ABV?$basic_string@DU?$char_traits@D@std@@V?$allocator@D@2@@std@@$$Z$$V@?$pair@$$CBV?$basic_string@DU?$char_traits@D@std@@V?$allocator@D@2@@std@@PAVMaterial@@@std@@QAE@Upiecewise_construct_t@1@V?$tuple@ABV?$basic_string@DU?$char_traits@D@std@@V?$allocator@D@2@@std@@@1@V?$tuple@$$V@1@@Z 00406f50 f i read.obj
 0001:00005f80       ??$?0V?$tuple@ABV?$basic_string@DU?$char_traits@D@std@@V?$allocator@D@2@@std@@@std@@V?$tuple@$$V@1@$0A@$$Z$S@?$pair@$$CBV?$basic_string@DU?$char_traits@D@std@@V?$allocator@D@2@@std@@PAVMaterial@@@std@@QAE@AAV?$tuple@ABV?$basic_string@DU?$char_traits@D@std@@V?$allocator@D@2@@std@@@1@AAV?$tuple@$$V@1@U?$integer_sequence@I$0A@@1@U?$integer_sequence@I$S@1@@Z 00406f80 f i read.obj
 0001:00005fb0       ??$?HDU?$char_traits@D@std@@V?$allocator@D@1@@std@@YA?AV?$basic_string@DU?$char_traits@D@std@@V?$allocator@D@2@@0@$$QAV10@QBD@Z 00406fb0 f i read.obj
 0001:00006010       ??$_Construct_in_place@PAU?$_List_node@PAVGeometry@@PAX@std@@AAPAU12@@std@@YAXAAPAU?$_List_node@PAVGeometry@@PAX@0@0@Z 00407010 f i read.obj
 0001:00006020       ??$_Construct_in_place@PAU?$_List_node@PAVGeometry@@PAX@std@@ABQAU12@@std@@YAXAAPAU?$_List_node@PAVGeometry@@PAX@0@ABQAU10@@Z 00407020 f i read.obj
 0001:00006030       ??$_Construct_in_place@PAU?$_List_node@PAVLight@@PAX@std@@AAPAU12@@std@@YAXAAPAU?$_List_node@PAVLight@@PAX@0@0@Z 00407030 f i read.obj
 0001:00006040       ??$_Construct_in_place@PAU?$_List_node@PAVLight@@PAX@std@@ABQAU12@@std@@YAXAAPAU?$_List_node@PAVLight@@PAX@0@ABQAU10@@Z 00407040 f i read.obj
 0001:00006050       ??$_Construct_in_place@PAU?$_List_node@PAVTransformNode@@PAX@std@@AAPAU12@@std@@YAXAAPAU?$_List_node@PAVTransformNode@@PAX@0@0@Z 00407050 f i read.obj
 0001:00006060       ??$_Construct_in_place@PAU?$_List_node@PAVTransformNode@@PAX@std@@ABQAU12@@std@@YAXAAPAU?$_List_node@PAVTransformNode@@PAX@0@ABQAU10@@Z 00407060 f i read.obj
 0001:00006070       ??$_Construct_in_place@PAU?$_Tree_node@U?$pair@$$CBV?$basic_string@DU?$char_traits@D@std@@V?$allocator@D@2@@std@@PAVMaterial@@@std@@PAX@std@@AAPAU12@@std@@YAXAAPAU?$_Tree_node@U?$pair@$$CBV?$basic_string@DU?$char_traits@D@std@@V?$allocator@D@2@@std@@PAVMaterial@@@std@@PAX@0@0@Z 00407070 f i read.obj
 0001:00006080       ??$_Construct_in_place@PAU?$_Tree_node@U?$pair@$$CBV?$basic_string@DU?$char_traits@D@std@@V?$allocator@D@2@@std@@PAVMaterial@@@std@@PAX@std@@ABQAU12@@std@@YAXAAPAU?$_Tree_node@U?$pair@$$CBV?$basic_string@DU?$char_traits@D@std@@V?$allocator@D@2@@std@@PAVMaterial@@@std@@PAX@0@ABQAU10@@Z 00407080 f i read.obj
 0001:00006090       ??$_Destroy_in_place@PAU?$_List_node@PAVGeometry@@PAX@std@@@std@@YAXAAPAU?$_List_node@PAVGeometry@@PAX@0@@Z 00407090 f i read.obj
 0001:000060a0       ??$_Destroy_in_place@PAU?$_List_node@PAVLight@@PAX@std@@@std@@YAXAAPAU?$_List_node@PAVLight@@PAX@0@@Z 004070a0 f i read.obj
 0001:000060b0       ??$_Destroy_in_place@PAU?$_List_node@PAVTransformNode@@PAX@std@@@std@@YAXAAPAU?$_List_node@PAVTransformNode@@PAX@0@@Z 004070b0 f i read.obj
 0001:000060c0       ??$_Destroy_in_place@PAU?$_Tree_node@U?$pair@$$CBV?$basic_string@DU?$char_traits@D@std@@V?$allocator@D@2@@std@@PAVMaterial@@@std@@PAX@std@@@std@@YAXAAPAU?$_Tree_node@U?$pair@$$CBV?$basic_string@DU?$char_traits@D@std@@V?$allocator@D@2@@std@@PAVMaterial@@@std@@PAX@0@@Z 004070c0 f i read.obj
 0001:000060d0       ??$_Destroy_range@V?$allocator@PAVMaterial@@@std@@@std@@YAXPAPAVMaterial@@QAPAV1@AAV?$allocator@PAVMaterial@@@0@@Z 004070d0 f i read.obj
 0001:000060e0       ??$_Destroy_range@V?$allocator@PAVTrimeshFace@@@std@@@std@@YAXPAPAVTrimeshFace@@QAPAV1@AAV?$allocator@PAVTrimeshFace@@@0@@Z 004070e0 f i read.obj
 0001:000060f0       ??$_Destroy_range@V?$allocator@Vvec3f@@@std@@@std@@YAXPAVvec3f@@QAV1@AAV?$allocator@Vvec3f@@@0@@Z 004070f0 f i read.obj
 0001:00006100       ??$_Erase_tree@V?$allocator@U?$_Tree_node@U?$pair@$$CBV?$basic_string@DU?$char_traits@D@std@@V?$allocator@D@2@@std@@PAVMaterial@@@std@@PAX@std@@@std@@@?$_Tree_val@U?$_Tree_simple_types@U?$pair@$$CBV?$basic_string@DU?$char_traits@D@std@@V?$allocator@D@2@@std@@PAVMaterial@@@std@@@std@@@std@@QAEXAAV?$allocator@U?$_Tree_node@U?$pair@$$CBV?$basic_string@DU?$char_traits@D@std@@V?$allocator@D@2@@std@@PAVMaterial@@@std@@PAX@std@@@1@PAU?$_Tree_node@U?$pair@$$CBV?$basic_string@DU?$char_traits@D@std@@V?$allocator@D@2@@std@@PAVMaterial@@@std@@PAX@1@@Z 00407100 f i read.obj
 0001:00006190       ??$_Find_lower_bound@V?$basic_string@DU?$char_traits@D@std@@V?$allocator@D@2@@std@@@?$_Tree@V?$_Tmap_traits@V?$basic_string@DU?$char_traits@D@std@@V?$allocator@D@2@@std@@PAVMaterial@@U?$less@V?$basic_string@DU?$char_traits@D@std@@V?$allocator@D@2@@std@@@2@V?$allocator@U?$pair@$$CBV?$basic_string@DU?$char_traits@D@std@@V?$allocator@D@2@@std@@PAVMaterial@@@std@@@2@$0A@@std@@@std@@IBE?AU?$_Tree_find_result@PAU?$_Tree_node@U?$pair@$$CBV?$basic_string@DU?$char_traits@D@std@@V?$allocator@D@2@@std@@PAVMaterial@@@std@@PAX@std@@@1@ABV?$basic_string@DU?$char_traits@D@std@@V?$allocator@D@2@@1@@Z 00407190 f i read.obj
 0001:00006220       ??$_Fputc@D@std@@YA_NDPAU_iobuf@@@Z 00407220 f i read.obj
 0001:00006240       ??$endl@DU?$char_traits@D@std@@@std@@YAAAV?$basic_ostream@DU?$char_traits@D@std@@@0@AAV10@@Z 00407240 f i read.obj
 0001:00006270       ??$ends@DU?$char_traits@D@std@@@std@@YAAAV?$basic_ostream@DU?$char_traits@D@std@@@0@AAV10@@Z 00407270 f i read.obj
 0001:00006290       ??$exchange@PAU?$_Tree_node@U?$pair@$$CBV?$basic_string@DU?$char_traits@D@std@@V?$allocator@D@2@@std@@PAVMaterial@@@std@@PAX@std@@$$T@std@@YAPAU?$_Tree_node@U?$pair@$$CBV?$basic_string@DU?$char_traits@D@std@@V?$allocator@D@2@@std@@PAVMaterial@@@std@@PAX@0@AAPAU10@$$QA$$T@Z 00407290 f i read.obj
 0001:000062b0       ??$exchange@PAU?$_Tree_node@U?$pair@$$CBV?$basic_string@DU?$char_traits@D@std@@V?$allocator@D@2@@std@@PAVMaterial@@@std@@PAX@std@@AAPAU12@@std@@YAPAU?$_Tree_node@U?$pair@$$CBV?$basic_string@DU?$char_traits@D@std@@V?$allocator@D@2@@std@@PAVMaterial@@@std@@PAX@0@AAPAU10@0@Z 004072b0 f i read.obj
 0001:000062d0       ??$exchange@PAV_Facet_base@std@@PAV12@@std@@YAPAV_Facet_base@0@AAPAV10@$$QAPAV10@@Z 004072d0 f i read.obj
 0001:000062f0       ??$use_facet@V?$codecvt@DDU_Mbstatet@@@std@@@std@@YAABV?$codecvt@DDU_Mbstatet@@@0@ABVlocale@0@@Z 004072f0 f i read.obj
 0001:000063e0       ??0?$basic_ifstream@DU?$char_traits@D@std@@@std@@QAE@PBDHH@Z 004073e0 f i read.obj
 0001:000065c0       ??0?$fpos@U_Mbstatet@@@std@@QAE@_J@Z 004075c0 f i read.obj
 0001:000065f0       ??0Scene@@QAE@XZ           004075f0 f i read.obj
 0001:000067a0       ??0TransformNode@@IAE@PAV0@ABVmat4f@@@Z 004077a0 f i read.obj
 0001:00006c30       ??0bad_cast@std@@QAE@ABV01@@Z 00407c30 f i read.obj
 0001:00006c70       ??0bad_cast@std@@QAE@XZ    00407c70 f i read.obj
 0001:00006c90       ??0mat4f@@QAE@ABVvec4f@@000@Z 00407c90 f i read.obj
 0001:00006d60       ??0ostrstream@std@@QAE@XZ  00407d60 f i read.obj
 0001:00006e50       ??0vec4f@@QAE@XZ           00407e50 f i read.obj
 0001:00006e60       ??1?$_Alloc_construct_ptr@V?$allocator@U?$_List_node@PAVGeometry@@PAX@std@@@std@@@std@@QAE@XZ 00407e60 f i read.obj
 0001:00006e80       ??1?$_Alloc_construct_ptr@V?$allocator@U?$_List_node@PAVLight@@PAX@std@@@std@@@std@@QAE@XZ 00407e80 f i read.obj
 0001:00006ea0       ??1?$_Alloc_construct_ptr@V?$allocator@U?$_List_node@PAVTransformNode@@PAX@std@@@std@@@std@@QAE@XZ 00407ea0 f i read.obj
 0001:00006ec0       ??1?$_Alloc_construct_ptr@V?$allocator@U?$_Tree_node@U?$pair@$$CBV?$basic_string@DU?$char_traits@D@std@@V?$allocator@D@2@@std@@PAVMaterial@@@std@@PAX@std@@@std@@@std@@QAE@XZ 00407ec0 f i read.obj
 0001:00006ee0       ??1?$_Tree_temp_node_alloc@V?$allocator@U?$_Tree_node@U?$pair@$$CBV?$basic_string@DU?$char_traits@D@std@@V?$allocator@D@2@@std@@PAVMaterial@@@std@@PAX@std@@@std@@@std@@QAE@XZ 00407ee0 f i read.obj
 0001:00006f00       ??1?$basic_filebuf@DU?$char_traits@D@std@@@std@@UAE@XZ 00407f00 f i read.obj
 0001:00006fc0       ??1?$basic_ifstream@DU?$char_traits@D@std@@@std@@UAE@XZ 00407fc0 f i read.obj
 0001:00006ff0       ??1?$list@PAVGeometry@@V?$allocator@PAVGeometry@@@std@@@std@@QAE@XZ 00407ff0 f i read.obj
 0001:00007030       ??1?$list@PAVLight@@V?$allocator@PAVLight@@@std@@@std@@QAE@XZ 00408030 f i read.obj
 0001:00007070       ??1?$list@PAVTransformNode@@V?$allocator@PAVTransformNode@@@std@@@std@@QAE@XZ 00408070 f i read.obj
 0001:000070b0       ??1?$map@V?$basic_string@DU?$char_traits@D@std@@V?$allocator@D@2@@std@@PAVMaterial@@U?$less@V?$basic_string@DU?$char_traits@D@std@@V?$allocator@D@2@@std@@@2@V?$allocator@U?$pair@$$CBV?$basic_string@DU?$char_traits@D@std@@V?$allocator@D@2@@std@@PAVMaterial@@@std@@@2@@std@@QAE@XZ 004080b0 f i read.obj
 0001:000070d0       ??1?$unique_ptr@V_Facet_base@std@@U?$default_delete@V_Facet_base@std@@@2@@std@@QAE@XZ 004080d0 f i read.obj
 0001:000070e0       ??1MaterialSceneObject@@UAE@XZ 004080e0 f i read.obj
 0001:00007110       ??1SceneElement@@UAE@XZ    00408110 f i read.obj
 0001:00007120       ??1TransformNode@@QAE@XZ   00408120 f i read.obj
 0001:000071a0       ??1TransformRoot@@QAE@XZ   004081a0 f i read.obj
 0001:000071b0       ??1bad_cast@std@@UAE@XZ    004081b0 f i read.obj
 0001:000071d0       ??1locale@std@@QAE@XZ      004081d0 f i read.obj
 0001:000071f0       ??1ostrstream@std@@UAE@XZ  004081f0 f i read.obj
 0001:00007290       ??1strstreambuf@std@@UAE@XZ 00408290 f i read.obj
 0001:00007310       ??4?$basic_string@DU?$char_traits@D@std@@V?$allocator@D@2@@std@@QAEAAV01@$$QAV01@@Z 00408310 f i read.obj
 0001:00007390       ??6@YAAAV?$basic_ostream@DU?$char_traits@D@std@@@std@@AAV01@ABVException@@@Z 00408390 f i read.obj
 0001:00007440       ??D@YA?AVmat4f@@ABV0@0@Z   00408440 f i read.obj
 0001:000078e0       ??_D?$basic_ifstream@DU?$char_traits@D@std@@@std@@QAEXXZ 004088e0 f i read.obj
 0001:00007920       ??_Dostrstream@std@@QAEXXZ 00408920 f i read.obj
 0001:000079c8       ??_E?$basic_ifstream@DU?$char_traits@D@std@@@std@@$4PPPPPPPM@A@AEPAXI@Z 004089c8 f i read.obj
 0001:000079d0       ??_Eostrstream@std@@$4PPPPPPPM@A@AEPAXI@Z 004089d0 f i read.obj
 0001:000079e0       ??_E?$basic_filebuf@DU?$char_traits@D@std@@@std@@UAEPAXI@Z 004089e0 f i read.obj
 0001:000079e0       ??_G?$basic_filebuf@DU?$char_traits@D@std@@@std@@UAEPAXI@Z 004089e0 f i read.obj
 0001:00007a10       ??_E?$basic_ifstream@DU?$char_traits@D@std@@@std@@UAEPAXI@Z 00408a10 f i read.obj
 0001:00007a10       ??_G?$basic_ifstream@DU?$char_traits@D@std@@@std@@UAEPAXI@Z 00408a10 f i read.obj
 0001:00007a70       ??_EBox@@UAEPAXI@Z         00408a70 f i read.obj
 0001:00007a70       ??_GBox@@UAEPAXI@Z         00408a70 f i read.obj
 0001:00007ab0       ??_GCone@@UAEPAXI@Z        00408ab0 f i read.obj
 0001:00007ab0       ??_ECone@@UAEPAXI@Z        00408ab0 f i read.obj
 0001:00007b00       ??_GCylinder@@UAEPAXI@Z    00408b00 f i read.obj
 0001:00007b00       ??_ECylinder@@UAEPAXI@Z    00408b00 f i read.obj
 0001:00007b40       ??_GDirectionalLight@@UAEPAXI@Z 00408b40 f i read.obj
 0001:00007b40       ??_EDirectionalLight@@UAEPAXI@Z 00408b40 f i read.obj
 0001:00007b70       ??_EGeometry@@UAEPAXI@Z    00408b70 f i read.obj
 0001:00007b70       ??_GGeometry@@UAEPAXI@Z    00408b70 f i read.obj
 0001:00007ba0       ??_GLight@@UAEPAXI@Z       00408ba0 f i read.obj
 0001:00007ba0       ??_ELight@@UAEPAXI@Z       00408ba0 f i read.obj
 0001:00007bd0       ??_EMaterialSceneObject@@UAEPAXI@Z 00408bd0 f i read.obj
 0001:00007bd0       ??_GMaterialSceneObject@@UAEPAXI@Z 00408bd0 f i read.obj
 0001:00007c10       ??_EPointLight@@UAEPAXI@Z  00408c10 f i read.obj
 0001:00007c10       ??_GPointLight@@UAEPAXI@Z  00408c10 f i read.obj
 0001:00007c40       ??_GScene@@UAEPAXI@Z       00408c40 f i read.obj
 0001:00007c40       ??_EScene@@UAEPAXI@Z       00408c40 f i read.obj
 0001:00007c70       ??_ESceneElement@@UAEPAXI@Z 00408c70 f i read.obj
 0001:00007c70       ??_GSceneElement@@UAEPAXI@Z 00408c70 f i read.obj
 0001:00007ca0       ??_GSceneObject@@UAEPAXI@Z 00408ca0 f i read.obj
 0001:00007ca0       ??_ESceneObject@@UAEPAXI@Z 00408ca0 f i read.obj
 0001:00007cd0       ??_GSphere@@UAEPAXI@Z      00408cd0 f i read.obj
 0001:00007cd0       ??_ESphere@@UAEPAXI@Z      00408cd0 f i read.obj
 0001:00007d10       ??_ESquare@@UAEPAXI@Z      00408d10 f i read.obj
 0001:00007d10       ??_GSquare@@UAEPAXI@Z      00408d10 f i read.obj
 0001:00007d50       ??_ETrimesh@@UAEPAXI@Z     00408d50 f i read.obj
 0001:00007d50       ??_GTrimesh@@UAEPAXI@Z     00408d50 f i read.obj
 0001:00007d80       ??_Gbad_cast@std@@UAEPAXI@Z 00408d80 f i read.obj
 0001:00007d80       ??_Ebad_cast@std@@UAEPAXI@Z 00408d80 f i read.obj
 0001:00007db0       ??_Eostrstream@std@@UAEPAXI@Z 00408db0 f i read.obj
 0001:00007db0       ??_Gostrstream@std@@UAEPAXI@Z 00408db0 f i read.obj
 0001:00007de0       ??_Estrstreambuf@std@@UAEPAXI@Z 00408de0 f i read.obj
 0001:00007de0       ??_Gstrstreambuf@std@@UAEPAXI@Z 00408de0 f i read.obj
 0001:00007e70       ?ComputeBoundingBox@Geometry@@UAEXXZ 00408e70 f i read.obj
 0001:000083c0       ?ComputeLocalBoundingBox@Box@@UAE?AVBoundingBox@@XZ 004093c0 f i read.obj
 0001:000083f0       ?ComputeLocalBoundingBox@Cone@@UAE?AVBoundingBox@@XZ 004093f0 f i read.obj
 0001:00008450       ?ComputeLocalBoundingBox@Cylinder@@UAE?AVBoundingBox@@XZ 00409450 f i read.obj
 0001:00008480       ?ComputeLocalBoundingBox@Geometry@@UAE?AVBoundingBox@@XZ 00409480 f i read.obj
 0001:000084c0       ?ComputeLocalBoundingBox@Sphere@@UAE?AVBoundingBox@@XZ 004094c0 f i read.obj
 0001:000084f0       ?ComputeLocalBoundingBox@Square@@UAE?AVBoundingBox@@XZ 004094f0 f i read.obj
 0001:00008530       ?_Endwrite@?$basic_filebuf@DU?$char_traits@D@std@@@std@@IAE_NXZ 00409530 f i read.obj
 0001:00008600       ?_Free@strstreambuf@std@@ABEXPAD@Z 00409600 f i read.obj
 0001:00008630       ?_Insert_node@?$_Tree_val@U?$_Tree_simple_types@U?$pair@$$CBV?$basic_string@DU?$char_traits@D@std@@V?$allocator@D@2@@std@@PAVMaterial@@@std@@@std@@@std@@QAEPAU?$_Tree_node@U?$pair@$$CBV?$basic_string@DU?$char_traits@D@std@@V?$allocator@D@2@@std@@PAVMaterial@@@std@@PAX@2@U?$_Tree_id@PAU?$_Tree_node@U?$pair@$$CBV?$basic_string@DU?$char_traits@D@std@@V?$allocator@D@2@@std@@PAVMaterial@@@std@@PAX@std@@@2@QAU32@@Z 00409630 f i read.obj
 0001:00008840       ?_Lock@?$basic_filebuf@DU?$char_traits@D@std@@@std@@UAEXXZ 00409840 f i read.obj
 0001:00008850       ?_Reset_back@?$basic_filebuf@DU?$char_traits@D@std@@@std@@AAEXXZ 00409850 f i read.obj
 0001:00008880       ?_Throw_bad_cast@std@@YAXXZ 00409880 f i read.obj
 0001:000088a0       ?_Unlock@?$basic_filebuf@DU?$char_traits@D@std@@@std@@UAEXXZ 004098a0 f i read.obj
 0001:000088b0       ?add@Scene@@QAEXPAVGeometry@@@Z 004098b0 f i read.obj
 0001:00008950       ?add@Scene@@QAEXPAVLight@@@Z 00409950 f i read.obj
 0001:000089e0       ?createChild@TransformNode@@QAEPAV1@ABVmat4f@@@Z 004099e0 f i read.obj
 0001:00008ab0       ?find@?$_Tree@V?$_Tmap_traits@V?$basic_string@DU?$char_traits@D@std@@V?$allocator@D@2@@std@@PAVMaterial@@U?$less@V?$basic_string@DU?$char_traits@D@std@@V?$allocator@D@2@@std@@@2@V?$allocator@U?$pair@$$CBV?$basic_string@DU?$char_traits@D@std@@V?$allocator@D@2@@std@@PAVMaterial@@@std@@@2@$0A@@std@@@std@@QBE?AV?$_Tree_const_iterator@V?$_Tree_val@U?$_Tree_simple_types@U?$pair@$$CBV?$basic_string@DU?$char_traits@D@std@@V?$allocator@D@2@@std@@PAVMaterial@@@std@@@std@@@std@@@2@ABV?$basic_string@DU?$char_traits@D@std@@V?$allocator@D@2@@2@@Z 00409ab0 f i read.obj
 0001:00008b20       ?find@?$_Tree@V?$_Tmap_traits@V?$basic_string@DU?$char_traits@D@std@@V?$allocator@D@2@@std@@PAVObj@@U?$less@V?$basic_string@DU?$char_traits@D@std@@V?$allocator@D@2@@std@@@2@V?$allocator@U?$pair@$$CBV?$basic_string@DU?$char_traits@D@std@@V?$allocator@D@2@@std@@PAVObj@@@std@@@2@$0A@@std@@@std@@QBE?AV?$_Tree_const_iterator@V?$_Tree_val@U?$_Tree_simple_types@U?$pair@$$CBV?$basic_string@DU?$char_traits@D@std@@V?$allocator@D@2@@std@@PAVObj@@@std@@@std@@@std@@@2@ABV?$basic_string@DU?$char_traits@D@std@@V?$allocator@D@2@@2@@Z 00409b20 f i read.obj
 0001:00008f80       ?getMaterial@MaterialSceneObject@@UBEABVMaterial@@XZ 00409f80 f i read.obj
 0001:00008f90       ?hasBoundingBoxCapability@Box@@UBE_NXZ 00409f90 f i read.obj
 0001:00008fa0       ?hasBoundingBoxCapability@Cone@@UBE_NXZ 00409fa0 f i read.obj
 0001:00008fb0       ?hasBoundingBoxCapability@Cylinder@@UBE_NXZ 00409fb0 f i read.obj
 0001:00008fc0       ?hasBoundingBoxCapability@Sphere@@UBE_NXZ 00409fc0 f i read.obj
 0001:00008fd0       ?hasBoundingBoxCapability@Square@@UBE_NXZ 00409fd0 f i read.obj
 0001:00008fe0       ?imbue@?$basic_filebuf@DU?$char_traits@D@std@@@std@@MAEXABVlocale@2@@Z 00409fe0 f i read.obj
 0001:000090e0       ?overflow@?$basic_filebuf@DU?$char_traits@D@std@@@std@@MAEHH@Z 0040a0e0 f i read.obj
 0001:00009250       ?overflow@strstreambuf@std@@MAEHH@Z 0040a250 f i read.obj
 0001:000093b0       ?pbackfail@?$basic_filebuf@DU?$char_traits@D@std@@@std@@MAEHH@Z 0040a3b0 f i read.obj
 0001:00009460       ?pbackfail@strstreambuf@std@@MAEHH@Z 0040a460 f i read.obj
 0001:0000d0c0       ?readScene@@YAPAVScene@@AAV?$basic_istream@DU?$char_traits@D@std@@@std@@@Z 0040e0c0 f   read.obj
 0001:0000d320       ?readScene@@YAPAVScene@@ABV?$basic_string@DU?$char_traits@D@std@@V?$allocator@D@2@@std@@@Z 0040e320 f   read.obj
 0001:0000d4e0       ?seekoff@?$basic_filebuf@DU?$char_traits@D@std@@@std@@MAE?AV?$fpos@U_Mbstatet@@@2@_JHH@Z 0040e4e0 f i read.obj
 0001:0000d5c0       ?seekoff@strstreambuf@std@@MAE?AV?$fpos@U_Mbstatet@@@2@_JHH@Z 0040e5c0 f i read.obj
 0001:0000d770       ?seekpos@?$basic_filebuf@DU?$char_traits@D@std@@@std@@MAE?AV?$fpos@U_Mbstatet@@@2@V32@H@Z 0040e770 f i read.obj
 0001:0000d840       ?seekpos@strstreambuf@std@@MAE?AV?$fpos@U_Mbstatet@@@2@V32@H@Z 0040e840 f i read.obj
 0001:0000d910       ?setMaterial@MaterialSceneObject@@UAEXPAVMaterial@@@Z 0040e910 f i read.obj
 0001:0000d920       ?setbuf@?$basic_filebuf@DU?$char_traits@D@std@@@std@@MAEPAV?$basic_streambuf@DU?$char_traits@D@std@@@2@PAD_J@Z 0040e920 f i read.obj
 0001:0000d9f0       ?size@?$vector@PAVObj@@V?$allocator@PAVObj@@@std@@@std@@QBEIXZ 0040e9f0 f i read.obj
 0001:0000da00       ?str@ostrstream@std@@QAEPADXZ 0040ea00 f i read.obj
 0001:0000da40       ?sync@?$basic_filebuf@DU?$char_traits@D@std@@@std@@MAEHXZ 0040ea40 f i read.obj
 0001:0000dae0       ?uflow@?$basic_filebuf@DU?$char_traits@D@std@@@std@@MAEHXZ 0040eae0 f i read.obj
 0001:0000de00       ?underflow@?$basic_filebuf@DU?$char_traits@D@std@@@std@@MAEHXZ 0040ee00 f i read.obj
 0001:0000de40       ?underflow@strstreambuf@std@@MAEHXZ 0040ee40 f i read.obj
 0001:0000df70       ?xsgetn@?$basic_filebuf@DU?$char_traits@D@std@@@std@@MAE_JPAD_J@Z 0040ef70 f i read.obj
 0001:0000e0d0       ?xsputn@?$basic_filebuf@DU?$char_traits@D@std@@@std@@MAE_JPBD_J@Z 0040f0d0 f i read.obj
 0001:0000e1b0       ?inverse@mat3f@@QBE?AV1@XZ 0040f1b0 f   vecmath.obj
 0001:0000e4a0       ?inverse@mat4f@@QBE?AV1@XZ 0040f4a0 f   vecmath.obj
 0001:0000e920       ??0Camera@@QAE@XZ          0040f920 f   camera.obj
 0001:0000e9a0       ?rayThrough@Camera@@QAEXNNAAVray@@@Z 0040f9a0 f   camera.obj
 0001:0000eab0       ?setAspectRatio@Camera@@QAEXN@Z 0040fab0 f   camera.obj
 0001:0000ec40       ?setEye@Camera@@QAEXABVvec3f@@@Z 0040fc40 f   camera.obj
 0001:0000ec70       ?setFOV@Camera@@QAEXN@Z    0040fc70 f   camera.obj
 0001:0000ee20       ?setLook@Camera@@QAEXABVvec3f@@0@Z 0040fe20 f   camera.obj
 0001:0000f090       ?setLook@Camera@@QAEXNNNN@Z 00410090 f   camera.obj
 0001:0000f350       ?update@Camera@@AAEXXZ     00410350 f   camera.obj
 0001:0000f4e0       ?distanceAttenuation@DirectionalLight@@UBENABVvec3f@@@Z 004104e0 f   light.obj
 0001:0000f4f0       ?distanceAttenuation@PointLight@@UBENABVvec3f@@@Z 004104f0 f   light.obj
 0001:0000f500       ?getColor@DirectionalLight@@UBE?AVvec3f@@ABV2@@Z 00410500 f   light.obj
 0001:0000f520       ?getColor@PointLight@@UBE?AVvec3f@@ABV2@@Z 00410520 f   light.obj
 0001:0000f540       ?getDirection@DirectionalLight@@UBE?AVvec3f@@ABV2@@Z 00410540 f   light.obj
 0001:0000f570       ?getDirection@PointLight@@UBE?AVvec3f@@ABV2@@Z 00410570 f   light.obj
 0001:0000f600       ?shadowAttenuation@DirectionalLight@@UBE?AVvec3f@@ABV2@@Z 00410600 f   light.obj
 0001:0000f620       ?shadowAttenuation@PointLight@@UBE?AVvec3f@@ABV2@@Z 00410620 f   light.obj
 0001:0000f640       ?shade@Material@@UBE?AVvec3f@@PAVScene@@ABVray@@ABVisect@@@Z 00410640 f   material.obj
 0001:0000f660       ?getMaterial@isect@@QBEABVMaterial@@XZ 00410660 f   ray.obj
 0001:0000f670       ??1Scene@@UAE@XZ           00410670 f   scene.obj
 0001:0000f800       ??4BoundingBox@@QAEXABV0@@Z 00410800 f   scene.obj
 0001:0000f850       ?hasBoundingBoxCapability@Geometry@@UBE_NXZ 00410850 f   scene.obj
 0001:0000f860       ?initScene@Scene@@QAEXXZ   00410860 f   scene.obj
 0001:0000fa90       ?intersect@BoundingBox@@QBE_NABVray@@AAN1@Z 00410a90 f   scene.obj
 0001:0000fbb0       ?intersect@Geometry@@UBE_NABVray@@AAVisect@@@Z 00410bb0 f   scene.obj
 0001:0000fef0       ?intersect@Scene@@QBE_NABVray@@AAVisect@@@Z 00410ef0 f   scene.obj
 0001:000104d0       ?intersectLocal@Geometry@@UBE_NABVray@@AAVisect@@@Z 004114d0 f   scene.obj
 0001:000104e0       ?intersects@BoundingBox@@QBE_NABV1@@Z 004114e0 f   scene.obj
 0001:00010570       ?intersects@BoundingBox@@QBE_NABVvec3f@@@Z 00411570 f   scene.obj
 0001:000105f0       ?intersectLocal@Box@@UBE_NABVray@@AAVisect@@@Z 004115f0 f   Box.obj
 0001:00010600       ?intersectBody@Cone@@QBE_NABVray@@AAVisect@@@Z 00411600 f   Cone.obj
 0001:000109a0       ?intersectCaps@Cone@@QBE_NABVray@@AAVisect@@@Z 004119a0 f   Cone.obj
 0001:00010b30       ?intersectLocal@Cone@@UBE_NABVray@@AAVisect@@@Z 00411b30 f   Cone.obj
 0001:00010fb0       ?intersectBody@Cylinder@@QBE_NABVray@@AAVisect@@@Z 00411fb0 f   Cylinder.obj
 0001:00011280       ?intersectCaps@Cylinder@@QBE_NABVray@@AAVisect@@@Z 00412280 f   Cylinder.obj
 0001:000113a0       ?intersectLocal@Cylinder@@UBE_NABVray@@AAVisect@@@Z 004123a0 f   Cylinder.obj
 0001:000117c0       ?intersectLocal@Sphere@@UBE_NABVray@@AAVisect@@@Z 004127c0 f   Sphere.obj
 0001:000119a0       ?intersectLocal@Square@@UBE_NABVray@@AAVisect@@@Z 004129a0 f   Square.obj
 0001:00011a70       ??$_Copy_memmove@PAPAVMaterial@@PAPAV1@@std@@YAPAPAVMaterial@@PAPAV1@00@Z 00412a70 f i trimesh.obj
 0001:00011aa0       ??$_Copy_memmove@PAPAVTrimeshFace@@PAPAV1@@std@@YAPAPAVTrimeshFace@@PAPAV1@00@Z 00412aa0 f i trimesh.obj
 0001:00011ad0       ??$_Emplace_reallocate@ABQAVMaterial@@@?$vector@PAVMaterial@@V?$allocator@PAVMaterial@@@std@@@std@@QAEPAPAVMaterial@@QAPAV2@ABQAV2@@Z 00412ad0 f i trimesh.obj
 0001:00011c30       ??$_Emplace_reallocate@ABQAVTrimeshFace@@@?$vector@PAVTrimeshFace@@V?$allocator@PAVTrimeshFace@@@std@@@std@@QAEPAPAVTrimeshFace@@QAPAV2@ABQAV2@@Z 00412c30 f i trimesh.obj
 0001:00011d90       ??$_Emplace_reallocate@ABVvec3f@@@?$vector@Vvec3f@@V?$allocator@Vvec3f@@@std@@@std@@QAEPAVvec3f@@QAV2@ABV2@@Z 00412d90 f i trimesh.obj
 0001:00011ea0       ??$_Resize_reallocate@U_Value_init_tag@std@@@?$vector@Vvec3f@@V?$allocator@Vvec3f@@@std@@@std@@AAEXIABU_Value_init_tag@1@@Z 00412ea0 f i trimesh.obj
 0001:00011f90       ??$_Uninitialized_copy@PAVvec3f@@V?$allocator@Vvec3f@@@std@@@std@@YAPAVvec3f@@QAV1@0PAV1@AAV?$allocator@Vvec3f@@@0@@Z 00412f90 f i trimesh.obj
 0001:00011fe0       ??$_Uninitialized_move@PAPAVMaterial@@V?$allocator@PAVMaterial@@@std@@@std@@YAPAPAVMaterial@@QAPAV1@0PAPAV1@AAV?$allocator@PAVMaterial@@@0@@Z 00412fe0 f i trimesh.obj
 0001:00012010       ??$_Uninitialized_move@PAPAVTrimeshFace@@V?$allocator@PAVTrimeshFace@@@std@@@std@@YAPAPAVTrimeshFace@@QAPAV1@0PAPAV1@AAV?$allocator@PAVTrimeshFace@@@0@@Z 00413010 f i trimesh.obj
 0001:00012040       ??$_Uninitialized_move@PAVvec3f@@V?$allocator@Vvec3f@@@std@@@std@@YAPAVvec3f@@QAV1@0PAV1@AAV?$allocator@Vvec3f@@@0@@Z 00413040 f i trimesh.obj
 0001:00012090       ??$_Uninitialized_value_construct_n@V?$allocator@Vvec3f@@@std@@@std@@YAPAVvec3f@@PAV1@IAAV?$allocator@Vvec3f@@@0@@Z 00413090 f i trimesh.obj
 0001:000120c0       ??0Material@@QAE@ABV0@@Z   004130c0 f i trimesh.obj
 0001:000121c0       ??1?$vector@Vvec3f@@V?$allocator@Vvec3f@@@std@@@std@@QAE@XZ 004131c0 f i trimesh.obj
 0001:00012230       ??1Trimesh@@UAE@XZ         00413230 f   trimesh.obj
 0001:00012330       ??_ETrimeshFace@@UAEPAXI@Z 00413330 f i trimesh.obj
 0001:00012330       ??_GTrimeshFace@@UAEPAXI@Z 00413330 f i trimesh.obj
 0001:00012370       ?ComputeLocalBoundingBox@TrimeshFace@@UAE?AVBoundingBox@@XZ 00413370 f i trimesh.obj
 0001:00012490       ?_Change_array@?$vector@Vvec3f@@V?$allocator@Vvec3f@@@std@@@std@@AAEXQAVvec3f@@II@Z 00413490 f i trimesh.obj
 0001:00012510       ?_Umove@?$vector@Vvec3f@@V?$allocator@Vvec3f@@@std@@@std@@AAEPAVvec3f@@PAV3@00@Z 00413510 f i trimesh.obj
 0001:00012570       ?_Umove_if_noexcept@?$vector@Vvec3f@@V?$allocator@Vvec3f@@@std@@@std@@AAEXPAVvec3f@@00@Z 00413570 f i trimesh.obj
 0001:000125c0       ?_Xlength@?$vector@PAVMaterial@@V?$allocator@PAVMaterial@@@std@@@std@@CAXXZ 004135c0 f i trimesh.obj
 0001:000125d0       ?_Xlength@?$vector@PAVTrimeshFace@@V?$allocator@PAVTrimeshFace@@@std@@@std@@CAXXZ 004135d0 f i trimesh.obj
 0001:000125e0       ?_Xlength@?$vector@Vvec3f@@V?$allocator@Vvec3f@@@std@@@std@@CAXXZ 004135e0 f i trimesh.obj
 0001:000125f0       ?addFace@Trimesh@@QAE_NHHH@Z 004135f0 f   trimesh.obj
 0001:00012790       ?addMaterial@Trimesh@@QAEXPAVMaterial@@@Z 00413790 f   trimesh.obj
 0001:000127c0       ?addNormal@Trimesh@@QAEXABVvec3f@@@Z 004137c0 f   trimesh.obj
 0001:00012810       ?addVertex@Trimesh@@QAEXABVvec3f@@@Z 00413810 f   trimesh.obj
 0001:00012860       ?allocate@?$allocator@Vvec3f@@@std@@QAEPAVvec3f@@I@Z 00413860 f i trimesh.obj
 0001:000128c0       ?doubleCheck@Trimesh@@QAEPADXZ 004138c0 f   trimesh.obj
 0001:00012940       ?generateNormals@Trimesh@@QAEXXZ 00413940 f   trimesh.obj
 0001:00012c50       ?hasBoundingBoxCapability@TrimeshFace@@UBE_NXZ 00413c50 f i trimesh.obj
 0001:00012c60       ?intersectLocal@TrimeshFace@@UBE_NABVray@@AAVisect@@@Z 00413c60 f   trimesh.obj
 0001:000135f0       ?visual@Fl@@SAHH@Z         004145f0 f   fltk:Fl_visual.obj
 0001:00013650       ?option@Fl@@SA_NW4Fl_Option@1@@Z 00414650 f   fltk:Fl.obj
 0001:000138e0       ?option@Fl@@SAXW4Fl_Option@1@_N@Z 004148e0 f   fltk:Fl.obj
 0001:00013920       ?version@Fl@@SANXZ         00414920 f   fltk:Fl.obj
 0001:00013930       ?scrollbar_size@Fl@@SAHXZ  00414930 f   fltk:Fl.obj
 0001:00013940       ?scrollbar_size@Fl@@SAXH@Z 00414940 f   fltk:Fl.obj
 0001:00013950       ?wait@Fl@@SAHXZ            00414950 f   fltk:Fl.obj
 0001:000139a0       ?wait@Fl@@SANN@Z           004149a0 f   fltk:Fl.obj
 0001:000139d0       ?check@Fl@@SAHXZ           004149d0 f   fltk:Fl.obj
 0001:00013a10       ?ready@Fl@@SAHXZ           00414a10 f   fltk:Fl.obj
 0001:00013a20       ?run@Fl@@SAHXZ             00414a20 f   fltk:Fl.obj
 0001:00013a50       ?add_timeout@Fl@@SAXNP6AXPAX@Z0@Z 00414a50 f   fltk:Fl.obj
 0001:00013a80       ?repeat_timeout@Fl@@SAXNP6AXPAX@Z0@Z 00414a80 f   fltk:Fl.obj
 0001:00013c30       ?has_timeout@Fl@@SAHP6AXPAX@Z0@Z 00414c30 f   fltk:Fl.obj
 0001:00013c90       ?remove_timeout@Fl@@SAXP6AXPAX@Z0@Z 00414c90 f   fltk:Fl.obj
 0001:00013d00       ?add_check@Fl@@SAXP6AXPAX@Z0@Z 00414d00 f   fltk:Fl.obj
 0001:00013d80       ?has_check@Fl@@SAHP6AXPAX@Z0@Z 00414d80 f   fltk:Fl.obj
 0001:00013dd0       ?remove_check@Fl@@SAXP6AXPAX@Z0@Z 00414dd0 f   fltk:Fl.obj
 0001:00013e50       ?add_fd@Fl@@SAXHHP6AXHPAX@Z0@Z 00414e50 f   fltk:Fl.obj
 0001:00014120       ?add_fd@Fl@@SAXHP6AXHPAX@Z0@Z 00415120 f   fltk:Fl.obj
 0001:00014140       ?remove_fd@Fl@@SAXHH@Z     00415140 f   fltk:Fl.obj
 0001:00014440       ?remove_fd@Fl@@SAXH@Z      00415440 f   fltk:Fl.obj
 0001:00014460       ?redraw@Fl@@SAXXZ          00415460 f   fltk:Fl.obj
 0001:00014490       ?flush@Fl@@SAXXZ           00415490 f   fltk:Fl.obj
 0001:00014560       ?first_window@Fl@@SAPAVFl_Window@@XZ 00415560 f   fltk:Fl.obj
 0001:00014590       ?first_window@Fl@@SAXPAVFl_Window@@@Z 00415590 f   fltk:Fl.obj
 0001:000145e0       ?next_window@Fl@@SAPAVFl_Window@@PBV2@@Z 004155e0 f   fltk:Fl.obj
 0001:00014620       ?get_mouse@Fl@@SAXAAH0@Z   00415620 f   fltk:Fl.obj
 0001:00014650       ?event_inside@Fl@@SAHHHHH@Z 00415650 f   fltk:Fl.obj
 0001:000146a0       ?event_inside@Fl@@SAHPBVFl_Widget@@@Z 004156a0 f   fltk:Fl.obj
 0001:00014720       ?enable_im@Fl@@SAXXZ       00415720 f   fltk:Fl.obj
 0001:00014760       ?disable_im@Fl@@SAXXZ      00415760 f   fltk:Fl.obj
 0001:000147a0       ?handle@Fl@@SAHHPAVFl_Window@@@Z 004157a0 f   fltk:Fl.obj
 0001:000147e0       ?handle_@Fl@@SAHHPAVFl_Window@@@Z 004157e0 f   fltk:Fl.obj
 0001:00014ec0       ?belowmouse@Fl@@SAXPAVFl_Widget@@@Z 00415ec0 f   fltk:Fl.obj
 0001:00014f60       ?pushed@Fl@@SAXPAVFl_Widget@@@Z 00415f60 f   fltk:Fl.obj
 0001:00014f70       ?focus@Fl@@SAXPAVFl_Widget@@@Z 00415f70 f   fltk:Fl.obj
 0001:00015070       ?add_handler@Fl@@SAXP6AHH@Z@Z 00416070 f   fltk:Fl.obj
 0001:000150b0       ?remove_handler@Fl@@SAXP6AHH@Z@Z 004160b0 f   fltk:Fl.obj
 0001:00015130       ?add_system_handler@Fl@@SAXP6AHPAX0@Z0@Z 00416130 f   fltk:Fl.obj
 0001:00015180       ?remove_system_handler@Fl@@SAXP6AHPAX0@Z@Z 00416180 f   fltk:Fl.obj
 0001:00015200       ?event_dispatch@Fl@@SAXP6AHHPAVFl_Window@@@Z@Z 00416200 f   fltk:Fl.obj
 0001:00015210       ?event_dispatch@Fl@@SAP6AHHPAVFl_Window@@@ZXZ 00416210 f   fltk:Fl.obj
 0001:00015220       ?copy@Fl@@SAXPBDHH0@Z      00416220 f   fltk:Fl.obj
 0001:00015350       ?copy@Fl@@SAXPBDHH@Z       00416350 f   fltk:Fl.obj
 0001:00015370       ?paste@Fl@@SAXAAVFl_Widget@@HPBD@Z 00416370 f   fltk:Fl.obj
 0001:00016060       ?paste@Fl@@SAXAAVFl_Widget@@H@Z 00417060 f   fltk:Fl.obj
 0001:00016080       ?add_clipboard_notify@Fl@@SAXP6AXHPAX@Z0@Z 00417080 f   fltk:Fl.obj
 0001:000160e0       ?remove_clipboard_notify@Fl@@SAXP6AXHPAX@Z@Z 004170e0 f   fltk:Fl.obj
 0001:00016150       ?clipboard_contains@Fl@@SAHPBD@Z 00417150 f   fltk:Fl.obj
 0001:00016200       ?selection_owner@Fl@@SAXPAVFl_Widget@@@Z 00417200 f   fltk:Fl.obj
 0001:00016210       ?selection@Fl@@SAXAAVFl_Widget@@PBDH@Z 00417210 f   fltk:Fl.obj
 0001:00016230       ?paste@Fl@@SAXAAVFl_Widget@@@Z 00417230 f   fltk:Fl.obj
 0001:00016250       ?x@Fl@@SAHXZ               00417250 f   fltk:Fl.obj
 0001:00016290       ?y@Fl@@SAHXZ               00417290 f   fltk:Fl.obj
 0001:000162d0       ?w@Fl@@SAHXZ               004172d0 f   fltk:Fl.obj
 0001:00016310       ?h@Fl@@SAHXZ               00417310 f   fltk:Fl.obj
 0001:00016350       ?thread_message@Fl@@SAPAXXZ 00417350 f   fltk:Fl.obj
 0001:00016370       ?delete_widget@Fl@@SAXPAVFl_Widget@@@Z 00417370 f   fltk:Fl.obj
 0001:00016470       ?do_widget_deletion@Fl@@SAXXZ 00417470 f   fltk:Fl.obj
 0001:000164f0       ?watch_widget_pointer@Fl@@SAXAAPAVFl_Widget@@@Z 004174f0 f   fltk:Fl.obj
 0001:00016590       ?release_widget_pointer@Fl@@SAXAAPAVFl_Widget@@@Z 00417590 f   fltk:Fl.obj
 0001:00016610       ?clear_widget_pointer@Fl@@SAXPBVFl_Widget@@@Z 00417610 f   fltk:Fl.obj
 0001:00016680       ??0Fl_Widget_Tracker@@QAE@PAVFl_Widget@@@Z 00417680 f   fltk:Fl.obj
 0001:000166b0       ??1Fl_Widget_Tracker@@QAE@XZ 004176b0 f   fltk:Fl.obj
 0001:00016700       ?redraw@Fl_Widget@@QAEXXZ  00417700 f   fltk:Fl.obj
 0001:00016720       ?redraw_label@Fl_Widget@@QAEXXZ 00417720 f   fltk:Fl.obj
 0001:00016d20       ?damage@Fl_Widget@@QAEXE@Z 00417d20 f   fltk:Fl.obj
 0001:00016de0       ?damage@Fl_Widget@@QAEXEHHHH@Z 00417de0 f   fltk:Fl.obj
 0001:00016fd0       ?size_range_@Fl_Window@@AAEXXZ 00417fd0 f   fltk:Fl.obj
 0001:00016ff0       ?fullscreen_x@Fl_Window@@AAEXXZ 00417ff0 f   fltk:Fl.obj
 0001:00017060       ?fullscreen_off_x@Fl_Window@@AAEXHHHH@Z 00418060 f   fltk:Fl.obj
 0001:00017240       ?flush@Fl_Window@@MAEXXZ   00418240 f   fltk:Fl.obj
 0001:000172b0       ?handle@Fl_Window@@UAEHH@Z 004182b0 f   fltk:Fl.obj
 0001:00017420       ?resize@Fl_Window@@UAEXHHHH@Z 00418420 f   fltk:Fl.obj
 0001:00017700       ?label@Fl_Window@@QAEXPBD0@Z 00418700 f   fltk:Fl.obj
 0001:000177f0       ?default_icons@Fl_Window@@SAXPAUHICON__@@0@Z 004187f0 f   fltk:Fl.obj
 0001:00017810       ?icons@Fl_Window@@QAEXPAUHICON__@@0@Z 00418810 f   fltk:Fl.obj
 0001:00017870       ?show@Fl_Window@@UAEXXZ    00418870 f   fltk:Fl.obj
 0001:00017930       ?hide@Fl_Window@@UAEXXZ    00418930 f   fltk:Fl.obj
 0001:00017d90       ?make_current@Fl_Window@@QAEXXZ 00418d90 f   fltk:Fl.obj
 0001:00017df0       ?decorated_w@Fl_Window@@QAEHXZ 00418df0 f   fltk:Fl.obj
 0001:00017ec0       ?decorated_h@Fl_Window@@QAEHXZ 00418ec0 f   fltk:Fl.obj
 0001:00017f90       ?XRectangleRegion@@YAPAUHRGN__@@HHHH@Z 00418f90 f   fltk:Fl.obj
 0001:00018040       ?fake_X_wm@Fl_X@@SAHPBVFl_Window@@AAH1111@Z 00419040 f   fltk:Fl.obj
 0001:00018770       ?make_fullscreen@Fl_X@@QAEXHHHH@Z 00419770 f   fltk:Fl.obj
 0001:000188d0       ?set_minmax@Fl_X@@QAEXPAUtagMINMAXINFO@@@Z 004198d0 f   fltk:Fl.obj
 0001:000189c0       ?set_default_icons@Fl_X@@SAXQAPBVFl_RGB_Image@@H@Z 004199c0 f   fltk:Fl.obj
 0001:00018a80       ?set_default_icons@Fl_X@@SAXPAUHICON__@@0@Z 00419a80 f   fltk:Fl.obj
 0001:00018af0       ?set_icons@Fl_X@@QAEXXZ    00419af0 f   fltk:Fl.obj
 0001:00018c90       ?set_cursor@Fl_X@@QAEHW4Fl_Cursor@@@Z 00419c90 f   fltk:Fl.obj
 0001:00018e20       ?set_cursor@Fl_X@@QAEHPBVFl_RGB_Image@@HH@Z 00419e20 f   fltk:Fl.obj
 0001:00018ea0       ?make@Fl_X@@SAPAV1@PAVFl_Window@@@Z 00419ea0 f   fltk:Fl.obj
 0001:00019b40       ?fl_release_dc@@YAXPAUHWND__@@PAUHDC__@@@Z 0041ab40 f   fltk:Fl.obj
 0001:00019be0       ?fl_save_dc@@YAXPAUHWND__@@PAUHDC__@@@Z 0041abe0 f   fltk:Fl.obj
 0001:00019c50       ?fl_open_display@@YAXXZ    0041ac50 f   fltk:Fl.obj
 0001:00019c80       ?fl_find@@YAPAVFl_Window@@PAUHWND__@@@Z 0041ac80 f   fltk:Fl.obj
 0001:00019d00       ?fl_GetDC@@YAPAUHDC__@@PAUHWND__@@@Z 0041ad00 f   fltk:Fl.obj
 0001:00019da0       ?fl_free_fonts@@YAXXZ      0041ada0 f   fltk:Fl.obj
 0001:00019e60       ?fl_cleanup_dc_list@@YAXXZ 0041ae60 f   fltk:Fl.obj
 0001:00019f30       ?fl_clipboard_notify_change@@YAXXZ 0041af30 f   fltk:Fl.obj
 0001:00019fb0       ?fl_clipboard_notify_empty@@YA_NXZ 0041afb0 f   fltk:Fl.obj
 0001:00019fe0       ?fl_trigger_clipboard_notify@@YAXH@Z 0041afe0 f   fltk:Fl.obj
 0001:0001a020       ?fl_ready@@YAHXZ           0041b020 f   fltk:Fl.obj
 0001:0001a100       ?fl_wait@@YAHN@Z           0041b100 f   fltk:Fl.obj
 0001:0001a510       ?fl_send_system_handlers@@YAHPAX@Z 0041b510 f   fltk:Fl.obj
 0001:0001a570       ?fl_fix_focus@@YAXXZ       0041b570 f   fltk:Fl.obj
 0001:0001a750       ?fl_throw_focus@@YAXPAVFl_Widget@@@Z 0041b750 f   fltk:Fl.obj
 0001:0001a920       ?fl_clipboard_notify_retarget@@YAXPAUHWND__@@@Z 0041b920 f   fltk:Fl.obj
 0001:0001a980       ?fl_update_clipboard@@YAXXZ 0041b980 f   fltk:Fl.obj
 0001:0001aa90       ?fl_set_status@@YAXHHHH@Z  0041ba90 f   fltk:Fl.obj
 0001:0001aaa0       ?fl_set_spot@@YAXHHHHHHPAVFl_Window@@@Z 0041baa0 f   fltk:Fl.obj
 0001:0001ac00       ?fl_reset_spot@@YAXXZ      0041bc00 f   fltk:Fl.obj
 0001:0001ac10       ?print_window@Fl_Paged_Device@@QAEXPAVFl_Window@@HH@Z 0041bc10 f   fltk:Fl.obj
 0001:0001b240       ?fl_get_lcid_codepage@@YAIK@Z 0041c240 f   fltk:Fl.obj
 0001:0001b2a0       ?fl_get_codepage@@YAXXZ    0041c2a0 f   fltk:Fl.obj
 0001:0001c860       ?fl_filename_name@@YAPBDPBD@Z 0041d860 f   fltk:Fl.obj
 0001:0001ce60       ?fl_xid_@@YAPAUHWND__@@PBVFl_Window@@@Z 0041de60 f   fltk:Fl.obj
 0001:0001ce90       ??0Lf2CrlfConvert@@QAE@PBDH@Z 0041de90 f i fltk:Fl.obj
 0001:0001d050       ??1Fl_Win32_At_Exit@@QAE@XZ 0041e050 f i fltk:Fl.obj
 0001:0001d0c0       ??1Lf2CrlfConvert@@QAE@XZ  0041e0c0 f i fltk:Fl.obj
 0001:0001d0f0       ??1NameList@@QAE@XZ        0041e0f0 f i fltk:Fl.obj
 0001:0001d150       ??_EFl_Device@@UAEPAXI@Z   0041e150 f i fltk:Fl.obj
 0001:0001d150       ??_GFl_Device@@UAEPAXI@Z   0041e150 f i fltk:Fl.obj
 0001:0001d180       ??_GFl_GDI_Graphics_Driver@@UAEPAXI@Z 0041e180 f i fltk:Fl.obj
 0001:0001d180       ??_EFl_GDI_Graphics_Driver@@UAEPAXI@Z 0041e180 f i fltk:Fl.obj
 0001:0001d1e0       ??_EFl_Graphics_Driver@@UAEPAXI@Z 0041e1e0 f i fltk:Fl.obj
 0001:0001d1e0       ??_GFl_Graphics_Driver@@UAEPAXI@Z 0041e1e0 f i fltk:Fl.obj
 0001:0001d240       ??_GFl_Image@@UAEPAXI@Z    0041e240 f i fltk:Fl.obj
 0001:0001d240       ??_EFl_Image@@UAEPAXI@Z    0041e240 f i fltk:Fl.obj
 0001:0001d270       ??_EFl_RGB_Image@@UAEPAXI@Z 0041e270 f i fltk:Fl.obj
 0001:0001d270       ??_GFl_RGB_Image@@UAEPAXI@Z 0041e270 f i fltk:Fl.obj
 0001:0001d2a0       ??_GFl_Surface_Device@@UAEPAXI@Z 0041e2a0 f i fltk:Fl.obj
 0001:0001d2a0       ??_EFl_Surface_Device@@UAEPAXI@Z 0041e2a0 f i fltk:Fl.obj
 0001:0001d2e0       ?add_name@NameList@@QAEXPBD@Z 0041e2e0 f i fltk:Fl.obj
 0001:0001d360       ?class_name@Fl_Device@@UAEPBDXZ 0041e360 f i fltk:Fl.obj
 0001:0001d370       ?class_name@Fl_GDI_Graphics_Driver@@UAEPBDXZ 0041e370 f i fltk:Fl.obj
 0001:0001d380       ?class_name@Fl_Graphics_Driver@@UAEPBDXZ 0041e380 f i fltk:Fl.obj
 0001:0001d390       ?class_name@Fl_Surface_Device@@UAEPBDXZ 0041e390 f i fltk:Fl.obj
 0001:0001d3a0       ?color@Fl_Graphics_Driver@@MAEXEEE@Z 0041e3a0 f i fltk:Fl.obj
 0001:0001d3b0       ?color@Fl_Graphics_Driver@@MAEXI@Z 0041e3b0 f i fltk:Fl.obj
 0001:0001d3d0       ?descent@Fl_Graphics_Driver@@UAEHXZ 0041e3d0 f i fltk:Fl.obj
 0001:0001d3e0       ?draw@Fl_Graphics_Driver@@MAEXHPBDHHH@Z 0041e3e0 f i fltk:Fl.obj
 0001:0001d3f0       ?draw@Fl_Graphics_Driver@@MAEXPAVFl_Bitmap@@HHHHHH@Z 0041e3f0 f i fltk:Fl.obj
 0001:0001d400       ?draw@Fl_Graphics_Driver@@MAEXPAVFl_Pixmap@@HHHHHH@Z 0041e400 f i fltk:Fl.obj
 0001:0001d410       ?draw@Fl_Graphics_Driver@@MAEXPAVFl_RGB_Image@@HHHHHH@Z 0041e410 f i fltk:Fl.obj
 0001:0001d420       ?draw@Fl_Graphics_Driver@@MAEXPBDHHH@Z 0041e420 f i fltk:Fl.obj
 0001:0001d430       ?draw_image@Fl_Graphics_Driver@@MAEXP6AXPAXHHHPAE@Z0HHHHH@Z 0041e430 f i fltk:Fl.obj
 0001:0001d440       ?draw_image@Fl_Graphics_Driver@@MAEXPBEHHHHHH@Z 0041e440 f i fltk:Fl.obj
 0001:0001d450       ?draw_image_mono@Fl_Graphics_Driver@@MAEXP6AXPAXHHHPAE@Z0HHHHH@Z 0041e450 f i fltk:Fl.obj
 0001:0001d460       ?draw_image_mono@Fl_Graphics_Driver@@MAEXPBEHHHHHH@Z 0041e460 f i fltk:Fl.obj
 0001:0001d470       ?font@Fl_Graphics_Driver@@UAEXHH@Z 0041e470 f i fltk:Fl.obj
 0001:0001d490       ?height@Fl_Graphics_Driver@@UAEHXZ 0041e490 f i fltk:Fl.obj
 0001:0001d4b0       ?rtl_draw@Fl_Graphics_Driver@@MAEXPBDHHH@Z 0041e4b0 f i fltk:Fl.obj
 0001:0001d4c0       ?width@Fl_Graphics_Driver@@UAENI@Z 0041e4c0 f i fltk:Fl.obj
 0001:0001d4f0       ?width@Fl_Graphics_Driver@@UAENPBDH@Z 0041e4f0 f i fltk:Fl.obj
 0001:0001d500       ?fl_beep@@YAXH@Z           0041e500 f   fltk:fl_ask.obj
 0001:0001d570       ?fl_message@@YAXPBDZZ      0041e570 f   fltk:fl_ask.obj
 0001:0001d5d0       ?fl_alert@@YAXPBDZZ        0041e5d0 f   fltk:fl_ask.obj
 0001:0001d630       ?fl_ask@@YAHPBDZZ          0041e630 f   fltk:fl_ask.obj
 0001:0001d680       ?fl_choice@@YAHPBD000ZZ    0041e680 f   fltk:fl_ask.obj
 0001:0001d6d0       ?fl_input@@YAPBDPBD0ZZ     0041e6d0 f   fltk:fl_ask.obj
 0001:0001d720       ?fl_password@@YAPBDPBD0ZZ  0041e720 f   fltk:fl_ask.obj
 0001:0001d770       ?fl_message_icon@@YAPAVFl_Widget@@XZ 0041e770 f   fltk:fl_ask.obj
 0001:0001d780       ?fl_message_hotspot@@YAXH@Z 0041e780 f   fltk:fl_ask.obj
 0001:0001d7b0       ?fl_message_hotspot@@YAHXZ 0041e7b0 f   fltk:fl_ask.obj
 0001:0001d7c0       ?fl_message_title@@YAXPBD@Z 0041e7c0 f   fltk:fl_ask.obj
 0001:0001d7e0       ?fl_message_title_default@@YAXPBD@Z 0041e7e0 f   fltk:fl_ask.obj
 0001:0001e660       ??$__vcrt_va_start_verify_argument_type@PBD@@YAXXZ 0041f660 f i fltk:fl_ask.obj
 0001:0001e670       ?default_atclose@Fl@@SAXPAVFl_Window@@PAX@Z 0041f670 f   fltk:Fl_Window.obj
 0001:0001e6a0       ?window@Fl_Widget@@QBEPAVFl_Window@@XZ 0041f6a0 f   fltk:Fl_Window.obj
 0001:0001e6f0       ?top_window@Fl_Widget@@QBEPAVFl_Window@@XZ 0041f6f0 f   fltk:Fl_Window.obj
 0001:0001e730       ?top_window_offset@Fl_Widget@@QBEPAVFl_Window@@AAH0@Z 0041f730 f   fltk:Fl_Window.obj
 0001:0001e7b0       ?_Fl_Window@Fl_Window@@AAEXXZ 0041f7b0 f   fltk:Fl_Window.obj
 0001:0001e8a0       ?free_icons@Fl_Window@@IAEXXZ 0041f8a0 f   fltk:Fl_Window.obj
 0001:0001e9b0       ??0Fl_Window@@QAE@HHPBD@Z  0041f9b0 f   fltk:Fl_Window.obj
 0001:0001ea50       ??0Fl_Window@@QAE@HHHHPBD@Z 0041fa50 f   fltk:Fl_Window.obj
 0001:0001eaf0       ??1Fl_Window@@UAE@XZ       0041faf0 f   fltk:Fl_Window.obj
 0001:0001ebe0       ?label@Fl_Window@@QAEXPBD@Z 0041fbe0 f   fltk:Fl_Window.obj
 0001:0001ec10       ?iconlabel@Fl_Window@@QAEXPBD@Z 0041fc10 f   fltk:Fl_Window.obj
 0001:0001ec40       ?copy_label@Fl_Window@@QAEXPBD@Z 0041fc40 f   fltk:Fl_Window.obj
 0001:0001ec80       ?default_xclass@Fl_Window@@SAXPBD@Z 0041fc80 f   fltk:Fl_Window.obj
 0001:0001ecc0       ?default_xclass@Fl_Window@@SAPBDXZ 0041fcc0 f   fltk:Fl_Window.obj
 0001:0001ece0       ?xclass@Fl_Window@@QBEPBDXZ 0041fce0 f   fltk:Fl_Window.obj
 0001:0001ed10       ?xclass@Fl_Window@@QAEXPBD@Z 0041fd10 f   fltk:Fl_Window.obj
 0001:0001ed70       ?default_icon@Fl_Window@@SAXPBVFl_RGB_Image@@@Z 0041fd70 f   fltk:Fl_Window.obj
 0001:0001ed90       ?default_icons@Fl_Window@@SAXQAPBVFl_RGB_Image@@H@Z 0041fd90 f   fltk:Fl_Window.obj
 0001:0001edb0       ?icon@Fl_Window@@QAEXPBVFl_RGB_Image@@@Z 0041fdb0 f   fltk:Fl_Window.obj
 0001:0001edd0       ?icons@Fl_Window@@QAEXQAPBVFl_RGB_Image@@H@Z 0041fdd0 f   fltk:Fl_Window.obj
 0001:0001eea0       ?icon@Fl_Window@@QBEPBXXZ  0041fea0 f   fltk:Fl_Window.obj
 0001:0001eec0       ?icon@Fl_Window@@QAEXPBX@Z 0041fec0 f   fltk:Fl_Window.obj
 0001:0001eee0       ?wait_for_expose@Fl_Window@@QAEXXZ 0041fee0 f   fltk:Fl_Window.obj
 0001:0001ef30       ?x_root@Fl_Window@@QBEHXZ  0041ff30 f   fltk:Fl_Window.obj
 0001:0001ef70       ?y_root@Fl_Window@@QBEHXZ  0041ff70 f   fltk:Fl_Window.obj
 0001:0001efb0       ?current@Fl_Window@@SAPAV1@XZ 0041ffb0 f   fltk:Fl_Window.obj
 0001:0001efc0       ?default_callback@Fl_Window@@SAXPAV1@PAX@Z 0041ffc0 f   fltk:Fl_Window.obj
 0001:0001efe0       ??_EFl_Window@@UAEPAXI@Z   0041ffe0 f i fltk:Fl_Window.obj
 0001:0001efe0       ??_GFl_Window@@UAEPAXI@Z   0041ffe0 f i fltk:Fl_Window.obj
 0001:0001f020       ?as_gl_window@Fl_Widget@@UAEPAVFl_Gl_Window@@XZ 00420020 f i fltk:Fl_Window.obj
 0001:0001f030       ?navigation@Fl_Group@@AAEHH@Z 00420030 f   fltk:Fl_Group.obj
 0001:0001f1f0       ?draw@Fl_Group@@MAEXXZ     004201f0 f   fltk:Fl_Group.obj
 0001:0001f230       ?draw_child@Fl_Group@@IBEXAAVFl_Widget@@@Z 00420230 f   fltk:Fl_Group.obj
 0001:0001f2e0       ?draw_children@Fl_Group@@IAEXXZ 004202e0 f   fltk:Fl_Group.obj
 0001:0001f4c0       ?draw_outside_label@Fl_Group@@IBEXABVFl_Widget@@@Z 004204c0 f   fltk:Fl_Group.obj
 0001:0001f750       ?update_child@Fl_Group@@IBEXAAVFl_Widget@@@Z 00420750 f   fltk:Fl_Group.obj
 0001:0001f810       ?sizes@Fl_Group@@IAEPAHXZ  00420810 f   fltk:Fl_Group.obj
 0001:0001fb50       ?handle@Fl_Group@@UAEHH@Z  00420b50 f   fltk:Fl_Group.obj
 0001:00020510       ?begin@Fl_Group@@QAEXXZ    00421510 f   fltk:Fl_Group.obj
 0001:00020530       ?end@Fl_Group@@QAEXXZ      00421530 f   fltk:Fl_Group.obj
 0001:00020550       ?current@Fl_Group@@SAPAV1@XZ 00421550 f   fltk:Fl_Group.obj
 0001:00020560       ?current@Fl_Group@@SAXPAV1@@Z 00421560 f   fltk:Fl_Group.obj
 0001:00020570       ?find@Fl_Group@@QBEHPBVFl_Widget@@@Z 00421570 f   fltk:Fl_Group.obj
 0001:000205d0       ?array@Fl_Group@@QBEPBQAVFl_Widget@@XZ 004215d0 f   fltk:Fl_Group.obj
 0001:00020600       ?resize@Fl_Group@@UAEXHHHH@Z 00421600 f   fltk:Fl_Group.obj
 0001:00020a10       ??0Fl_Group@@QAE@HHHHPBD@Z 00421a10 f   fltk:Fl_Group.obj
 0001:00020ac0       ??1Fl_Group@@UAE@XZ        00421ac0 f   fltk:Fl_Group.obj
 0001:00020b10       ?add@Fl_Group@@QAEXAAVFl_Widget@@@Z 00421b10 f   fltk:Fl_Group.obj
 0001:00020b30       ?insert@Fl_Group@@QAEXAAVFl_Widget@@H@Z 00421b30 f   fltk:Fl_Group.obj
 0001:00020cd0       ?remove@Fl_Group@@QAEXH@Z  00421cd0 f   fltk:Fl_Group.obj
 0001:00020dd0       ?remove@Fl_Group@@QAEXAAVFl_Widget@@@Z 00421dd0 f   fltk:Fl_Group.obj
 0001:00020e10       ?clear@Fl_Group@@QAEXXZ    00421e10 f   fltk:Fl_Group.obj
 0001:00020fa0       ?init_sizes@Fl_Group@@QAEXXZ 00421fa0 f   fltk:Fl_Group.obj
 0001:00020fd0       ??0Fl_Input_Choice@@QAE@HHHHPBD@Z 00421fd0 f   fltk:Fl_Group.obj
 0001:00021280       ??0Fl_Spinner@@QAE@HHHHPBD@Z 00422280 f   fltk:Fl_Group.obj
 0001:000216b0       ??$__vcrt_va_start_verify_argument_type@QBD@@YAXXZ 004226b0 f i fltk:Fl_Group.obj
 0001:000216c0       ??1Fl_Input@@UAE@XZ        004226c0 f i fltk:Fl_Group.obj
 0001:000216e0       ??1Fl_Repeat_Button@@UAE@XZ 004226e0 f i fltk:Fl_Group.obj
 0001:00021700       ??1Fl_Spinner@@UAE@XZ      00422700 f i fltk:Fl_Group.obj
 0001:00021740       ??_EFl_Group@@UAEPAXI@Z    00422740 f i fltk:Fl_Group.obj
 0001:00021740       ??_GFl_Group@@UAEPAXI@Z    00422740 f i fltk:Fl_Group.obj
 0001:00021770       ??_GFl_Input_Choice@@UAEPAXI@Z 00422770 f i fltk:Fl_Group.obj
 0001:00021770       ??_EFl_Input_Choice@@UAEPAXI@Z 00422770 f i fltk:Fl_Group.obj
 0001:000217a0       ??_EFl_Spinner@@UAEPAXI@Z  004227a0 f i fltk:Fl_Group.obj
 0001:000217a0       ??_GFl_Spinner@@UAEPAXI@Z  004227a0 f i fltk:Fl_Group.obj
 0001:000217e0       ??_EInputMenuButton@Fl_Input_Choice@@UAEPAXI@Z 004227e0 f i fltk:Fl_Group.obj
 0001:000217e0       ??_GInputMenuButton@Fl_Input_Choice@@UAEPAXI@Z 004227e0 f i fltk:Fl_Group.obj
 0001:00021810       ?as_group@Fl_Widget@@UAEPAVFl_Group@@XZ 00422810 f i fltk:Fl_Group.obj
 0001:00021820       ?as_window@Fl_Widget@@UAEPAVFl_Window@@XZ 00422820 f i fltk:Fl_Group.obj
 0001:00021830       ?draw@InputMenuButton@Fl_Input_Choice@@EAEXXZ 00422830 f i fltk:Fl_Group.obj
 0001:00021930       ?draw_focus@Fl_Widget@@IAEXXZ 00422930 f i fltk:Fl_Group.obj
 0001:00021990       ?handle@Fl_Spinner@@UAEHH@Z 00422990 f i fltk:Fl_Group.obj
 0001:00021a60       ?inp_cb@Fl_Input_Choice@@CAXPAVFl_Widget@@PAX@Z 00422a60 f i fltk:Fl_Group.obj
 0001:00021b80       ?menu_cb@Fl_Input_Choice@@CAXPAVFl_Widget@@PAX@Z 00422b80 f i fltk:Fl_Group.obj
 0001:00021d80       ?menu_x@Fl_Input_Choice@@AAEHXZ 00422d80 f i fltk:Fl_Group.obj
 0001:00021dd0       ?resize@Fl_Input_Choice@@UAEXHHHH@Z 00422dd0 f i fltk:Fl_Group.obj
 0001:00021f30       ?resize@Fl_Spinner@@UAEXHHHH@Z 00422f30 f i fltk:Fl_Group.obj
 0001:00022020       ?sb_cb@Fl_Spinner@@CAXPAVFl_Widget@@PAV1@@Z 00423020 f i fltk:Fl_Group.obj
 0001:000221a0       ?update@Fl_Spinner@@AAEXXZ 004231a0 f i fltk:Fl_Group.obj
 0001:00022380       ?setonly@Fl_Menu_Item@@QAEXXZ 00423380 f   fltk:Fl_Menu_.obj
 0001:00022430       ??0Fl_Menu_@@QAE@HHHHPBD@Z 00423430 f   fltk:Fl_Menu_.obj
 0001:000224e0       ??1Fl_Menu_@@UAE@XZ        004234e0 f   fltk:Fl_Menu_.obj
 0001:00022530       ?item_pathname@Fl_Menu_@@QBEHPADHPBUFl_Menu_Item@@@Z 00423530 f   fltk:Fl_Menu_.obj
 0001:00022780       ?picked@Fl_Menu_@@QAEPBUFl_Menu_Item@@PBU2@@Z 00423780 f   fltk:Fl_Menu_.obj
 0001:000228a0       ?find_item@Fl_Menu_@@QAEPBUFl_Menu_Item@@PBD@Z 004238a0 f   fltk:Fl_Menu_.obj
 0001:000228e0       ?find_item@Fl_Menu_@@QAEPBUFl_Menu_Item@@P6AXPAVFl_Widget@@PAX@Z@Z 004238e0 f   fltk:Fl_Menu_.obj
 0001:00022930       ?find_index@Fl_Menu_@@QBEHPBD@Z 00423930 f   fltk:Fl_Menu_.obj
 0001:00022b60       ?find_index@Fl_Menu_@@QBEHPBUFl_Menu_Item@@@Z 00423b60 f   fltk:Fl_Menu_.obj
 0001:00022bb0       ?find_index@Fl_Menu_@@QBEHP6AXPAVFl_Widget@@PAX@Z@Z 00423bb0 f   fltk:Fl_Menu_.obj
 0001:00022c00       ?menu@Fl_Menu_@@QAEXPBUFl_Menu_Item@@@Z 00423c00 f   fltk:Fl_Menu_.obj
 0001:00022c30       ?copy@Fl_Menu_@@QAEXPBUFl_Menu_Item@@PAX@Z 00423c30 f   fltk:Fl_Menu_.obj
 0001:00022cd0       ?size@Fl_Menu_@@QBEHXZ     00423cd0 f   fltk:Fl_Menu_.obj
 0001:00022d00       ?clear@Fl_Menu_@@QAEXXZ    00423d00 f   fltk:Fl_Menu_.obj
 0001:00022dc0       ?clear_submenu@Fl_Menu_@@QAEHH@Z 00423dc0 f   fltk:Fl_Menu_.obj
 0001:00022e40       ?value@Fl_Menu_@@QAEHPBUFl_Menu_Item@@@Z 00423e40 f   fltk:Fl_Menu_.obj
 0001:00022e80       ??_EFl_Menu_@@UAEPAXI@Z    00423e80 f i fltk:Fl_Menu_.obj
 0001:00022e80       ??_GFl_Menu_@@UAEPAXI@Z    00423e80 f i fltk:Fl_Menu_.obj
 0001:00022eb0       ?draw@Fl_Menu_Bar@@MAEXXZ  00423eb0 f   fltk:Fl_Menu_Bar.obj
 0001:00023060       ?handle@Fl_Menu_Bar@@UAEHH@Z 00424060 f   fltk:Fl_Menu_Bar.obj
 0001:000231d0       ??0Fl_Menu_Bar@@QAE@HHHHPBD@Z 004241d0 f   fltk:Fl_Menu_Bar.obj
 0001:00023210       ??_EFl_Menu_Bar@@UAEPAXI@Z 00424210 f i fltk:Fl_Menu_Bar.obj
 0001:00023210       ??_GFl_Menu_Bar@@UAEPAXI@Z 00424210 f i fltk:Fl_Menu_Bar.obj
 0001:00023240       ??0Fl_Valuator@@IAE@HHHHPBD@Z 00424240 f   fltk:Fl_Valuator.obj
 0001:000232f0       ?softclamp@Fl_Valuator@@IAENN@Z 004242f0 f   fltk:Fl_Valuator.obj
 0001:00023410       ?handle_drag@Fl_Valuator@@IAEXN@Z 00424410 f   fltk:Fl_Valuator.obj
 0001:00023480       ?handle_release@Fl_Valuator@@IAEXXZ 00424480 f   fltk:Fl_Valuator.obj
 0001:000234e0       ?value_damage@Fl_Valuator@@MAEXXZ 004244e0 f   fltk:Fl_Valuator.obj
 0001:00023500       ?step@Fl_Valuator@@QAEXN@Z 00424500 f   fltk:Fl_Valuator.obj
 0001:000235f0       ?precision@Fl_Valuator@@QAEXH@Z 004245f0 f   fltk:Fl_Valuator.obj
 0001:00023650       ?value@Fl_Valuator@@QAEHN@Z 00424650 f   fltk:Fl_Valuator.obj
 0001:000236b0       ?format@Fl_Valuator@@UAEHPAD@Z 004246b0 f   fltk:Fl_Valuator.obj
 0001:00023800       ?round@Fl_Valuator@@QAENN@Z 00424800 f   fltk:Fl_Valuator.obj
 0001:00023880       ?clamp@Fl_Valuator@@QAENN@Z 00424880 f   fltk:Fl_Valuator.obj
 0001:00023940       ?increment@Fl_Valuator@@QAENNH@Z 00424940 f   fltk:Fl_Valuator.obj
 0001:00023a10       ??_EFl_Valuator@@UAEPAXI@Z 00424a10 f i fltk:Fl_Valuator.obj
 0001:00023a10       ??_GFl_Valuator@@UAEPAXI@Z 00424a10 f i fltk:Fl_Valuator.obj
 0001:00023a50       ?draw@Fl_Value_Slider@@MAEXXZ 00424a50 f   fltk:Fl_Value_Slider.obj
 0001:00023dc0       ?handle@Fl_Value_Slider@@UAEHH@Z 00424dc0 f   fltk:Fl_Value_Slider.obj
 0001:00023ed0       ??0Fl_Value_Slider@@QAE@HHHHPBD@Z 00424ed0 f   fltk:Fl_Value_Slider.obj
 0001:00023f50       ??0Fl_Hor_Value_Slider@@QAE@HHHHPBD@Z 00424f50 f   fltk:Fl_Value_Slider.obj
 0001:00023f90       ??_GFl_Hor_Value_Slider@@UAEPAXI@Z 00424f90 f i fltk:Fl_Value_Slider.obj
 0001:00023f90       ??_EFl_Hor_Value_Slider@@UAEPAXI@Z 00424f90 f i fltk:Fl_Value_Slider.obj
 0001:00023fd0       ??_GFl_Value_Slider@@UAEPAXI@Z 00424fd0 f i fltk:Fl_Value_Slider.obj
 0001:00023fd0       ??_EFl_Value_Slider@@UAEPAXI@Z 00424fd0 f i fltk:Fl_Value_Slider.obj
 0001:00024010       ?key_release_timeout@Fl_Button@@KAXPAX@Z 00425010 f   fltk:Fl_Button.obj
 0001:000240b0       ?simulate_key_action@Fl_Button@@IAEXXZ 004250b0 f   fltk:Fl_Button.obj
 0001:00024190       ?draw@Fl_Button@@MAEXXZ    00425190 f   fltk:Fl_Button.obj
 0001:000242e0       ?handle@Fl_Button@@UAEHH@Z 004252e0 f   fltk:Fl_Button.obj
 0001:00024890       ??0Fl_Button@@QAE@HHHHPBD@Z 00425890 f   fltk:Fl_Button.obj
 0001:00024900       ?value@Fl_Button@@QAEHH@Z  00425900 f   fltk:Fl_Button.obj
 0001:00024990       ?setonly@Fl_Button@@QAEXXZ 00425990 f   fltk:Fl_Button.obj
 0001:00024a10       ??0Fl_Radio_Button@@QAE@HHHHPBD@Z 00425a10 f   fltk:Fl_Button.obj
 0001:00024a50       ??0Fl_Toggle_Button@@QAE@HHHHPBD@Z 00425a50 f   fltk:Fl_Button.obj
 0001:00024a90       ??_GFl_Button@@UAEPAXI@Z   00425a90 f i fltk:Fl_Button.obj
 0001:00024a90       ??_EFl_Button@@UAEPAXI@Z   00425a90 f i fltk:Fl_Button.obj
 0001:00024ac0       ??_GFl_Radio_Button@@UAEPAXI@Z 00425ac0 f i fltk:Fl_Button.obj
 0001:00024ac0       ??_EFl_Radio_Button@@UAEPAXI@Z 00425ac0 f i fltk:Fl_Button.obj
 0001:00024af0       ??_GFl_Toggle_Button@@UAEPAXI@Z 00425af0 f i fltk:Fl_Button.obj
 0001:00024af0       ??_EFl_Toggle_Button@@UAEPAXI@Z 00425af0 f i fltk:Fl_Button.obj
 0001:00024b20       ?fl_dir_chooser@@YAPADPBD0H@Z 00425b20 f   fltk:fl_file_dir.obj
 0001:00024cc0       ?fl_file_chooser@@YAPADPBD00H@Z 00425cc0 f   fltk:fl_file_dir.obj
 0001:00025000       ?fl_file_chooser_callback@@YAXP6AXPBD@Z@Z 00426000 f   fltk:fl_file_dir.obj
 0001:00025010       ?fl_file_chooser_ok_label@@YAXPBD@Z 00426010 f   fltk:fl_file_dir.obj
 0001:00025080       _fl_utf8bytes              00426080 f   fltk:fl_utf.obj
 0001:000250e0       _fl_utf8decode             004260e0 f   fltk:fl_utf.obj
 0001:000253d0       _fl_utf8encode             004263d0 f   fltk:fl_utf.obj
 0001:00025560       _fl_utf8fwd                00426560 f   fltk:fl_utf.obj
 0001:00025610       _fl_utf8back               00426610 f   fltk:fl_utf.obj
 0001:000256b0       _fl_ucs_to_Utf16           004266b0 f   fltk:fl_utf.obj
 0001:000257d0       _fl_utf8toUtf16            004267d0 f   fltk:fl_utf.obj
 0001:00025970       _fl_utf8towc               00426970 f   fltk:fl_utf.obj
[...]
 0003:000010cc       $SG5889                    004870cc     fltk:vsnprintf.obj
 0003:000010d4       $SG5892                    004870d4     fltk:vsnprintf.obj
 0003:000010d8       $SG5899                    004870d8     fltk:vsnprintf.obj
 0003:000010dc       $SG5933                    004870dc     fltk:vsnprintf.obj
 0003:000010e8       ?table@@3PAUKeyname@@A     004870e8     fltk:fl_shortcut.obj
 0003:000011e0       ?standard_fp_chars@@3PBDB  004871e0     fltk:Fl_Input.obj
 0003:000011e4       ?drag_start@?1??handle@Fl_Input@@UAEHH@Z@4HA 004871e4     fltk:Fl_Input.obj
 0003:000011e8       ?l_local_buff@?1??expand_text_@@YAPBDPBDAAPADHNAAHAANHH@Z@4HA 004871e8     fltk:fl_draw.obj
 0003:000011f0       ?draw_it_active@@3HA       004871f0     fltk:fl_boxtype.obj
 0003:000011f8       ?fl_box_table@@3PAU<unnamed-type-fl_box_table>@@A 004871f8     fltk:fl_boxtype.obj
 0003:00001e34       ?symbnumb@@3HA             00487e34     fltk:fl_symbols.obj
 0003:00001e38       ?cursors@@3PAW4Fl_Cursor@@A 00487e38     fltk:Fl_Tile.obj
 0003:00001e48       $SG37744                   00487e48     fltk:scandir.obj
 0003:00001e4c       $SG37747                   00487e4c     fltk:scandir.obj
 0003:00001e50       $SG37752                   00487e50     fltk:scandir.obj
 0003:00001e54       $SG37756                   00487e54     fltk:scandir.obj
 0003:00002d28       ?done@@3_NA                00488d28     TraceUI.obj
 0003:00002d70       ?clip_notify_list@@3PAUClipboard_Notify@@A 00488d70     fltk:Fl.obj
 0003:00002d7c       ?clipboard_wnd@@3PAUHWND__@@A 00488d7c     fltk:Fl.obj
 0003:00002d80       ?next_clipboard_wnd@@3PAUHWND__@@A 00488d80     fltk:Fl.obj
 0003:00002d84       ?handlers@@3PAUhandler_link@@A 00488d84     fltk:Fl.obj
 0003:00002d88       ?s_wsock_mod@@3PAUHINSTANCE__@@A 00488d88     fltk:Fl.obj
 0003:00002d8c       ?s_wsock_select@@3P6GHHPAUfd_set@@00PBUtimeval@@@ZA 00488d8c     fltk:Fl.obj
 0003:00002d90       ?fl_wsk_fd_is_set@@3P6GHIPAUfd_set@@@ZA 00488d90     fltk:Fl.obj
 0003:00002dbc       ?s_imm_module@@3PAUHINSTANCE__@@A 00488dbc     fltk:Fl.obj
 0003:00002dc0       ?flImmAssociateContextEx@@3P6GHPAUHWND__@@PAUHIMC__@@K@ZA 00488dc0     fltk:Fl.obj
 0003:00002dc5       ?dnd_flag@@3DA             00488dc5     fltk:Fl.obj
 0003:00002dc8       ?flImmGetContext@@3P6GPAUHIMC__@@PAUHWND__@@@ZA 00488dc8     fltk:Fl.obj
 0003:00002dd0       ?flImmSetCompositionWindow@@3P6GHPAUHIMC__@@PAUtagCOMPOSITIONFORM@@@ZA 00488dd0     fltk:Fl.obj
 0003:00002dd4       ?flImmReleaseContext@@3P6GHPAUHWND__@@PAUHIMC__@@@ZA 00488dd4     fltk:Fl.obj
 0003:00002dd8       ?sys_handlers@@3PAUsystem_handler_link@@A 00488dd8     fltk:Fl.obj
 0003:00002ddc       ?track_mouse_win@@3PAVFl_Window@@A 00488ddc     fltk:Fl.obj
 0003:00002de0       ?maxfd@@3HA                00488de0     fltk:Fl.obj
 0003:00002de4       ?nfds@@3HA                 00488de4     fltk:Fl.obj
 0003:00002de8       ?fd_array_size@@3HA        00488de8     fltk:Fl.obj
 0003:00002e14       ?fd@@3PAUFD@@A             00488e14     fltk:Fl.obj
 0003:00002e74       ?default_big_icon@@3PAUHICON__@@A 00488e74     fltk:Fl.obj
 0003:00002e78       ?default_small_icon@@3PAUHICON__@@A 00488e78     fltk:Fl.obj
 0003:00002e7c       ?win_DC_list@@3PAUWin_DC_List@@A 00488e7c     fltk:Fl.obj
 0003:00002e88       ?num_dwidgets@@3HA         00488e88     fltk:Fl.obj
 0003:00002e8c       ?alloc_dwidgets@@3HA       00488e8c     fltk:Fl.obj
 0003:00002e90       ?dwidgets@@3PAPAVFl_Widget@@A 00488e90     fltk:Fl.obj
 0003:00002e94       ?widget_watch@@3PAPAPAVFl_Widget@@A 00488e94     fltk:Fl.obj
 0003:00002e98       ?num_widget_watch@@3HA     00488e98     fltk:Fl.obj
 0003:00002e9c       ?max_widget_watch@@3HA     00488e9c     fltk:Fl.obj
 0003:00002ea8       ?win32_at_exit@@3VFl_Win32_At_Exit@@A 00488ea8     fltk:Fl.obj
 0003:00002eac       ?fl_gdi_display@@3VFl_Display_Device@@A 00488eac     fltk:Fl.obj
 0003:00002eb8       ?fl_gdi_driver@@3VFl_GDI_Graphics_Driver@@A 00488eb8     fltk:Fl.obj
 0003:000035a0       ?first_check@@3PAUCheck@@A 004895a0     fltk:Fl.obj
 0003:000035a4       ?next_check@@3PAUCheck@@A  004895a4     fltk:Fl.obj
 0003:000035a8       ?free_check@@3PAUCheck@@A  004895a8     fltk:Fl.obj
 0003:000035ac       ?thread_message_@@3PAXA    004895ac     fltk:Fl.obj
 0003:000035b0       ?fdsets@@3PAUfd_set@@A     004895b0     fltk:Fl.obj
 0003:000038bc       ?win32_timers@@3PAUWin32Timer@@A 004898bc     fltk:Fl.obj
 0003:000038c0       ?win32_timer_alloc@@3HA    004898c0     fltk:Fl.obj
 0003:000038c4       ?win32_timer_used@@3HA     004898c4     fltk:Fl.obj
 0003:000038c8       ?s_TimerWnd@@3PAUHWND__@@A 004898c8     fltk:Fl.obj
 0003:000038cc       ?resize_bug_fix@@3PAVFl_Window@@A 004898cc     fltk:Fl.obj
 0003:000038d0       ?in_idle@?1??fl_wait@@YAHN@Z@4DA 004898d0     fltk:Fl.obj
 0003:000038d1       ?beenHereDoneThat@?1??fl_open_display@@YAXXZ@4DA 004898d1     fltk:Fl.obj
 0003:000038d4       ?px@?1??mouse_event@@YAHPAVFl_Window@@HHIJ@Z@4HA 004898d4     fltk:Fl.obj
 0003:000038d8       ?py@?1??mouse_event@@YAHPAVFl_Window@@HHIJ@Z@4HA 004898d8     fltk:Fl.obj
 0003:000038dc       ?pmx@?1??mouse_event@@YAHPAVFl_Window@@HHIJ@Z@4HA 004898dc     fltk:Fl.obj
 0003:000038e0       ?pmy@?1??mouse_event@@YAHPAVFl_Window@@HHIJ@Z@4HA 004898e0     fltk:Fl.obj
 0003:000038e8       ?vklut@?1??ms2fltk@@YAHIH@Z@4PAGA 004898e8     fltk:Fl.obj
 0003:00003ae8       ?extendedlut@?1??ms2fltk@@YAHIH@Z@4PAGA 00489ae8     fltk:Fl.obj
 0003:00003ce8       ?buffer@?DH@??WndProc@@YGJPAUHWND__@@IIJ@Z@4PADA 00489ce8     fltk:Fl.obj
 0003:000040e8       ?delta@?GG@??WndProc@@YGJPAUHWND__@@IIJ@Z@4HA 0048a0e8     fltk:Fl.obj
 0003:000040ec       ?delta@?GJ@??WndProc@@YGJPAUHWND__@@IIJ@Z@4HA 0048a0ec     fltk:Fl.obj
 0003:000040f0       ?class_name_list@?1??make@Fl_X@@SAPAV2@PAVFl_Window@@@Z@4VNameList@@A 0048a0f0     fltk:Fl.obj
 0003:000040fc       ?$TSS0@?1??make@Fl_X@@SAPAV2@PAVFl_Window@@@Z@4HA 0048a0fc     fltk:Fl.obj
 0003:00004100       ?first_class_name@?1??make@Fl_X@@SAPAV2@PAVFl_Window@@@Z@4PBDB 0048a100     fltk:Fl.obj
 0003:00004104       ?avoidRecursion@@3DA       0048a104     fltk:fl_ask.obj
 0003:0000410c       ?message_form@@3PAVFl_Window@@A 0048a10c     fltk:fl_ask.obj
 0003:00004110       ?message@@3PAVFl_Box@@A    0048a110     fltk:fl_ask.obj
 0003:00004114       ?icon@@3PAVFl_Box@@A       0048a114     fltk:fl_ask.obj
 0003:00004118       ?button@@3PAPAVFl_Button@@A 0048a118     fltk:fl_ask.obj
 0003:00004124       ?input@@3PAVFl_Input@@A    0048a124     fltk:fl_ask.obj
 0003:00004128       ?ret_val@@3HA              0048a128     fltk:fl_ask.obj
 0003:0000412c       ?message_title_default@@3PBDB 0048a12c     fltk:fl_ask.obj
 0003:00004140       ?fc@@3PAVFl_File_Chooser@@A 0048a140     fltk:fl_file_dir.obj
 0003:00004144       ?current_callback@@3P6AXPBD@ZA 0048a144     fltk:fl_file_dir.obj
 0003:00004148       ?current_label@@3PBDB      0048a148     fltk:fl_file_dir.obj
 0003:00004150       ?retname@?1??fl_file_chooser@@YAPADPBD00H@Z@4PADA 0048a150     fltk:fl_file_dir.obj
 0003:00004950       ?retname@?1??fl_dir_chooser@@YAPADPBD0H@Z@4PADA 0048a950     fltk:fl_file_dir.obj
 0003:00005150       ?fl_gmi@@3P6GHPAUHMONITOR__@@PAUtagMONITORINFO@@@ZA 0048b150     fltk:screen_xywh.obj
 0003:00005158       ?screens@@3PAUtagRECT@@A   0048b158     fltk:screen_xywh.obj
 0003:00005258       ?work_area@@3PAUtagRECT@@A 0048b258     fltk:screen_xywh.obj
 0003:00005358       ?dpi@@3PAY01MA             0048b358     fltk:screen_xywh.obj
 0003:00005408       ?main_thread@@3KA          0048b408     fltk:Fl_lock.obj
 0003:00005410       ?measure@@3PAP6AXPBUFl_Label@@AAH1@ZA 0048b410     fltk:fl_labeltype.obj
 0003:00005450       ?obj_queue@@3PAPAVFl_Widget@@A 0048b450     fltk:Fl_Widget.obj
 0003:000054a0       ?obj_head@@3HA             0048b4a0     fltk:Fl_Widget.obj
 0003:000054a4       ?obj_tail@@3HA             0048b4a4     fltk:Fl_Widget.obj
 0003:000054b4       ?window@@3PAVFl_TooltipBox@@A 0048b4b4     fltk:Fl_Tooltip.obj
 0003:000054bc       ?tip@@3PBDB                0048b4bc     fltk:Fl_Tooltip.obj
 0003:000054c0       ?Y@@3HA                    0048b4c0     fltk:Fl_Tooltip.obj
 0003:000054c4       ?H@@3HA                    0048b4c4     fltk:Fl_Tooltip.obj
 0003:000054c8       ?recent_tooltip@@3DA       0048b4c8     fltk:Fl_Tooltip.obj
 0003:000054c9       ?recursion@@3DA            0048b4c9     fltk:Fl_Tooltip.obj
 0003:000054ca       ?beenhere@?1??set_enter_exit_once_@Fl_Tooltip@@CAXXZ@4DA 0048b4ca     fltk:Fl_Tooltip.obj
 0003:000060d8       ?tmppen@@3PAXA             0048c0d8     fltk:fl_color.obj
 0003:000060dc       ?savepen@@3PAUHPEN__@@A    0048c0dc     fltk:fl_color.obj
 0003:000060e0       ?xmap@?1??color@Fl_GDI_Graphics_Driver@@UAEXEEE@Z@4UFl_XMap@@A 0048c0e0     fltk:fl_color.obj
 0003:000060f0       ?brushes@?1??fl_brush_action@@YAPAUHBRUSH__@@H@Z@4PAUFl_Brush@?1??1@YAPAU2@H@Z@A 0048c0f0     fltk:fl_color.obj
 0003:000061b0       ?beenhere@?1??fl_select_palette@@YAPAUHPALETTE__@@XZ@4DA 0048c1b0     fltk:fl_color.obj
 0003:000061b4       ?fl_alpha_blend@@3P6GHPAUHDC__@@HHHH0HHHHUFL_BLENDFUNCTION@@@ZA 0048c1b4     fltk:Fl_Double_Window.obj
 0003:000061b8       ?been_here@?1??fl_can_do_alpha_blending@@YADXZ@4DA 0048c1b8     fltk:Fl_Double_Window.obj
 0003:000061b9       ?can_do@?1??fl_can_do_alpha_blending@@YADXZ@4DA 0048c1b9     fltk:Fl_Double_Window.obj
 0003:0000626c       ?hMod@?1??newUUID@Fl_Preferences@@SAPBDXZ@4PAUHINSTANCE__@@A 0048c26c     fltk:Fl_Preferences.obj
 0003:0000627c       ?fl_angle_@@3HA            0048c27c     fltk:fl_font.obj
 0003:00006280       ?wstr@@3PAGA               0048c280     fltk:fl_font.obj
 0003:00006284       ?wstr_len@@3HA             0048c284     fltk:fl_font.obj
 0003:00006288       ?fl_GetGlyphIndices@@3P6GKPAUHDC__@@PB_WHPAGK@ZA 0048c288     fltk:fl_font.obj
 0003:0000628c       ?have_loaded_GetGlyphIndices@@3HA 0048c28c     fltk:fl_font.obj
 0003:00006290       ?ext_buff@?1??text_extents@Fl_GDI_Graphics_Driver@@UAEXPBDHAAH111@Z@4PAGA 0048c290     fltk:fl_font.obj
 0003:00006294       ?w_buff@?1??text_extents@Fl_GDI_Graphics_Driver@@UAEXPBDHAAH111@Z@4PAGA 0048c294     fltk:fl_font.obj
 0003:00006298       ?wc_len@?1??text_extents@Fl_GDI_Graphics_Driver@@UAEXPBDHAAH111@Z@4IA 0048c298     fltk:fl_font.obj
 0003:000062a8       ?hMod@?1??draw@Fl_GDI_Printer_Graphics_Driver@@UAEXPAVFl_Pixmap@@HHHHHH@Z@4PAUHINSTANCE__@@A 0048c2a8     fltk:Fl_Pixmap.obj
 0003:000062ac       ?fl_TransparentBlt@?1??draw@Fl_GDI_Printer_Graphics_Driver@@UAEXPAVFl_Pixmap@@HHHHHH@Z@4P6GHPAUHDC__@@HHHH1HHHHI@ZA 0048c2ac     fltk:Fl_Pixmap.obj
 0003:000062b0       ?fl_TransparentBlt@?1??draw@Fl_GDI_Printer_Graphics_Driver@@UAEXPAVFl_Bitmap@@HHHHHH@Z@4P6GHPAUHDC__@@HHHH1HHHHI@ZA 0048c2b0     fltk:Fl_Bitmap.obj
 0003:000062b4       ?hMod@?1??draw@Fl_GDI_Printer_Graphics_Driver@@UAEXPAVFl_Bitmap@@HHHHHH@Z@4PAUHINSTANCE__@@A 0048c2b4     fltk:Fl_Bitmap.obj
 0003:000062b8       ?ri@?1??dither@@YAXPAEPBEHH@Z@4HA 0048c2b8     fltk:fl_draw_image.obj
 0003:000062bc       ?gi@?1??dither@@YAXPAEPBEHH@Z@4HA 0048c2bc     fltk:fl_draw_image.obj
 0003:000062c0       ?bi@?1??dither@@YAXPAEPBEHH@Z@4HA 0048c2c0     fltk:fl_draw_image.obj
 0003:000062c4       ?dir@?1??dither@@YAXPAEPBEHH@Z@4HA 0048c2c4     fltk:fl_draw_image.obj
 0003:000062c8       ?ri@?1??monodither@@YAXPAEPBEHH@Z@4HA 0048c2c8     fltk:fl_draw_image.obj
 0003:000062cc       ?dir@?1??monodither@@YAXPAEPBEHH@Z@4HA 0048c2cc     fltk:fl_draw_image.obj
 0003:000062d0       ?bmibuffer@?1??innards@@YAXPBEHHHHHHHP6AXPAXHHHPAE@Z1@Z@4PAIA 0048c2d0     fltk:fl_draw_image.obj
 0003:00006700       ?buffer@?1??innards@@YAXPBEHHHHHHHP6AXPAXHHHPAE@Z1@Z@4PAIA 0048c700     fltk:fl_draw_image.obj
 0003:00006704       ?buffer_size@?1??innards@@YAXPBEHHHHHHHP6AXPAXHHHPAE@Z1@Z@4JA 0048c704     fltk:fl_draw_image.obj
 0003:00006708       ?line_buffer@?1??innards@@YAXPBEHHHHHHHP6AXPAXHHHPAE@Z1@Z@4PAIA 0048c708     fltk:fl_draw_image.obj
 0003:0000670c       ?line_buf_size@?CH@??innards@@YAXPBEHHHHHHHP6AXPAXHHHPAE@Z1@Z@4HA 0048c70c     fltk:fl_draw_image.obj
 0003:00006718       ?fl_bg_set@@3DA            0048c718     fltk:Fl_get_system_colors.obj
 0003:00006719       ?fl_bg2_set@@3DA           0048c719     fltk:Fl_get_system_colors.obj
 0003:0000671a       ?fl_fg_set@@3DA            0048c71a     fltk:Fl_get_system_colors.obj
 0003:00006728       ?tile@@3VFl_Pixmap@@A      0048c728     fltk:Fl_get_system_colors.obj
 0003:00006750       ?e@?1??scheme@Fl@@SAHPBD@Z@4PADA 0048c750     fltk:Fl_get_system_colors.obj
 0003:00006b88       ?mbwbuf@@3PA_WA            0048cb88     fltk:fl_utf8.obj
 0003:00006b90       ?buf@@3PADA                0048cb90     fltk:fl_utf8.obj
 0003:00006b94       ?buf_len@@3HA              0048cb94     fltk:fl_utf8.obj
 0003:00006b98       ?wbufa@@3PAGA              0048cb98     fltk:fl_utf8.obj
 0003:00006b9c       ?wbuf@@3PA_WA              0048cb9c     fltk:fl_utf8.obj
 0003:00006ba0       ?wbuf1@@3PA_WA             0048cba0     fltk:fl_utf8.obj
 0003:00006ba4       ?table@?1??Toupper@@YAHH@Z@4PAGA 0048cba4     fltk:fl_utf8.obj
 0003:00006ba8       ?buf@?1??fl_utf2mbcs@@9@4PADA 0048cba8     fltk:fl_utf8.obj
 0003:00006bac       ?buf@?1??fl_getenv@@9@4PADA 0048cbac     fltk:fl_utf8.obj
 0003:00006bb0       ?wbuf@?1??fl_getcwd@@9@4PA_WA 0048cbb0     fltk:fl_utf8.obj
 0003:00006bb4       ?buf@?1??fl_shortcut_label@@YAPBDIPAPBD@Z@4PADA 0048cbb4     fltk:fl_shortcut.obj
 0003:00006bec       ?l_secret@@3HA             0048cbec     fltk:Fl_Input_.obj
 0003:00006bf0       ?undobuffer@@3PADA         0048cbf0     fltk:Fl_Input_.obj
 0003:00006bf4       ?undobufferlength@@3HA     0048cbf4     fltk:Fl_Input_.obj
 0003:00006bf8       ?undowidget@@3PAVFl_Input_@@A 0048cbf8     fltk:Fl_Input_.obj
 0003:00006bfc       ?undoat@@3HA               0048cbfc     fltk:Fl_Input_.obj
 0003:00006c00       ?undocut@@3HA              0048cc00     fltk:Fl_Input_.obj
 0003:00006c04       ?undoinsert@@3HA           0048cc04     fltk:Fl_Input_.obj
 0003:00006c08       ?yankcut@@3HA              0048cc08     fltk:Fl_Input_.obj
 0003:00006c0c       ?legal_fp_chars@@3PBDB     0048cc0c     fltk:Fl_Input.obj
 0003:00006c10       ?dnd_save_position@?1??handle@Fl_Input@@UAEHH@Z@4HA 0048cc10     fltk:Fl_Input.obj
 0003:00006c14       ?dnd_save_mark@?1??handle@Fl_Input@@UAEHH@Z@4HA 0048cc14     fltk:Fl_Input.obj
 0003:00006c18       ?newpos@?1??handle@Fl_Input@@UAEHH@Z@4HA 0048cc18     fltk:Fl_Input.obj
 0003:00006c1c       ?dnd_save_focus@?1??handle@Fl_Input@@UAEHH@Z@4PAVFl_Widget@@A 0048cc1c     fltk:Fl_Input.obj
 0003:00006c24       ?underline_at@@3PADA       0048cc24     fltk:fl_draw.obj
 0003:00006c28       ?local_buf@?1??expand_text_@@YAPBDPBDAAPADHNAAHAANHH@Z@4PADA 0048cc28     fltk:fl_draw.obj
 0003:00006c2c       ?$TSS0@?1??expand_text_@@YAPBDPBDAAPADHNAAHAANHH@Z@4HA 0048cc2c     fltk:fl_draw.obj
 0003:00006c34       ?pressed_menu_button_@@3PAVFl_Menu_Button@@A 0048cc34     fltk:Fl_Menu_Button.obj
 0003:00006c38       ?p@@3PAUmenustate@@A       0048cc38     fltk:Fl_Menu.obj
 0003:00006c3c       ?button@@3PBVFl_Menu_@@B   0048cc3c     fltk:Fl_Menu.obj
 0003:00006c40       ?dummy@?1??popup@Fl_Menu_Item@@QBEPBU2@HHPBDPBU2@PBVFl_Menu_@@@Z@4U2@A 0048cc40     fltk:Fl_Menu.obj
 0003:00006c64       ?local_array@@3PAUFl_Menu_Item@@A 0048cc64     fltk:Fl_Menu_add.obj
 0003:00006c68       ?local_array_alloc@@3HA    0048cc68     fltk:Fl_Menu_add.obj
 0003:00006c6c       ?local_array_size@@3HA     0048cc6c     fltk:Fl_Menu_add.obj
 0003:00006c70       ?offcenter@?9??handle@Fl_Slider@@IAEHHHHHH@Z@4HA 0048cc70     fltk:Fl_Slider.obj
 0003:00006c74       ?image_new@@3VFl_Bitmap@@A 0048cc74     fltk:Fl_File_Chooser.obj
 0003:00006ca8       ?pathname@?1??value@Fl_File_Chooser@@QAEPBDH@Z@4PADA 0048cca8     fltk:Fl_File_Chooser2.obj
 0003:000074b0       ?ncolors@@3HA              0048d4b0     fltk:fl_draw_pixmap.obj
 0003:000074b4       ?chars_per_pixel@@3HA      0048d4b4     fltk:fl_draw_pixmap.obj
 0003:000074b8       ?color_count@@3HA          0048d4b8     fltk:fl_draw_pixmap.obj
 0003:000074bc       ?used_colors@@3PAUUsedColor@@A 0048d4bc     fltk:fl_draw_pixmap.obj
 0003:000074c0       ?table@?1??XUtf8Toupper@@9@9 0048d4c0     fltk:case.obj
 0003:000074c8       ?symbols@@3PAUSYMBOL@@A    0048d4c8     fltk:fl_symbols.obj
 0003:00007eac       ?beenhere@?1??fl_init_symbols@@YAXXZ@4DA 0048deac     fltk:fl_symbols.obj
 0003:00007eb0       ?cursor@?1??set_cursor@@YAXPAVFl_Tile@@W4Fl_Cursor@@@Z@4W43@A 0048deb0     fltk:Fl_Tile.obj
 0003:00007eb4       ?sdrag@?1??handle@Fl_Tile@@UAEHH@Z@4HA 0048deb4     fltk:Fl_Tile.obj
 0003:00007eb8       ?sdx@?1??handle@Fl_Tile@@UAEHH@Z@4HA 0048deb8     fltk:Fl_Tile.obj
 0003:00007ebc       ?sdy@?1??handle@Fl_Tile@@UAEHH@Z@4HA 0048debc     fltk:Fl_Tile.obj
 0003:00007ec0       ?sx@?1??handle@Fl_Tile@@UAEHH@Z@4HA 0048dec0     fltk:Fl_Tile.obj
 0003:00007ec4       ?sy@?1??handle@Fl_Tile@@UAEHH@Z@4HA 0048dec4     fltk:Fl_Tile.obj
 0003:00007ec8       ?change@?1??handle@Fl_Browser_@@UAEHH@Z@4DA 0048dec8     fltk:Fl_Browser_.obj
 0003:00007ec9       ?whichway@?1??handle@Fl_Browser_@@UAEHH@Z@4DA 0048dec9     fltk:Fl_Browser_.obj
 0003:00007ecc       ?py@?1??handle@Fl_Browser_@@UAEHH@Z@4HA 0048decc     fltk:Fl_Browser_.obj
 0003:00007ed0       ?inButtonBar@?1??handle@Fl_File_Input@@UAEHH@Z@4DA 0048ded0     fltk:Fl_File_Input.obj
 0003:00007ef0       ?SWAP_TYPE@@3DA            0048def0     fltkgl:Fl_Gl_Window.obj
 0003:00007ef8       ?ortho_context@?DG@??flush@Fl_Gl_Window@@UAEXXZ@4PAUHGLRC__@@A 0048def8     fltkgl:Fl_Gl_Window.obj
 0003:00007efc       ?ortho_window@?DG@??flush@Fl_Gl_Window@@UAEXXZ@4PAV2@A 0048defc     fltkgl:Fl_Gl_Window.obj
 0003:00007f00       ?context_list@@3PAPAUHGLRC__@@A 0048df00     fltkgl:Fl_Gl_Choice.obj
 0003:00007f04       ?nContext@@3HA             0048df04     fltkgl:Fl_Gl_Choice.obj
 0003:00007f08       ?NContext@@3HA             0048df08     fltkgl:Fl_Gl_Choice.obj
 0003:00007f0c       ?first@@3PAVFl_Gl_Choice@@A 0048df0c     fltkgl:Fl_Gl_Choice.obj
 0003:00007f10       ?cached_context@@3PAUHGLRC__@@A 0048df10     fltkgl:Fl_Gl_Choice.obj
 0003:00007f14       ?cached_window@@3PAVFl_Window@@A 0048df14     fltkgl:Fl_Gl_Choice.obj
 0003:00007f1c       ?Gl_Device_Plugin@@3VFl_Gl_Device_Plugin@@A 0048df1c     fltkgl:Fl_Gl_Device_Plugin.obj
 0003:00007f24       ?gl_fontsize@@3PAVFl_Font_Descriptor@@A 0048df24     fltkgl:gl_draw.obj
 0003:00007f28       ?buf@?1??gl_draw@@YAXPBDH@Z@4PA_WA 0048df28     fltkgl:gl_draw.obj
 0003:00007f2c       ?l@?1??gl_draw@@YAXPBDH@Z@4HA 0048df2c     fltkgl:gl_draw.obj
 0003:00007f30       _GS_ExceptionRecord        0048df30     MSVCRT:gs_report.obj
 0003:00007f80       _GS_ContextRecord          0048df80     MSVCRT:gs_report.obj
 0003:00008254       ?is_initialized_as_dll@@3_NA 0048e254     MSVCRT:utility.obj
 0003:00008255       ?module_local_atexit_table_initialized@@3_NA 0048e255     MSVCRT:utility.obj
 0003:00008258       ?module_local_atexit_table@@3U_onexit_table_t@@A 0048e258     MSVCRT:utility.obj
 0003:00008264       ?module_local_at_quick_exit_table@@3U_onexit_table_t@@A 0048e264     MSVCRT:utility.obj
 0003:00008270       ?g_tss_cv@@3U_RTL_CONDITION_VARIABLE@@A 0048e270     MSVCRT:thread_safe_statics.obj
 0003:00008274       ?g_tss_event@@3PAXA        0048e274     MSVCRT:thread_safe_statics.obj
 0003:00008278       ?g_tss_mutex@@3U_RTL_CRITICAL_SECTION@@A 0048e278     MSVCRT:thread_safe_statics.obj
 0003:00008290       ?g_sleep_condition_variable_cs@@3P6GHPAU_RTL_CONDITION_VARIABLE@@PAU_RTL_CRITICAL_SECTION@@K@ZA 0048e290     MSVCRT:thread_safe_statics.obj
 0003:00008294       ?g_wake_all_condition_variable@@3P6GXPAU_RTL_CONDITION_VARIABLE@@@ZA 0048e294     MSVCRT:thread_safe_statics.obj
 0003:000082b4       ?_Fac_head@std@@3PAU_Fac_node@1@A 0048e2b4     msvcprt:locale0_implib.obj
 0003:000082b8       ?mbwbuf@?1??mbcs2utf@@9@9  0048e2b8     fltk:fl_call_main.obj
 0004:00000060       $R000000                   0048f060     * linker generated manifest res *
